[    0.000000] Initializing cgroup subsys cpuset
[    0.000000] Initializing cgroup subsys cpu
[    0.000000] Initializing cgroup subsys cpuacct
[    0.000000] Linux version 4.4.0-141-generic (buildd@lcy01-amd64-027) (gcc version 5.4.0 20160609 (Ubuntu 5.4.0-6ubuntu1~16.04.10) ) #167-Ubuntu SMP Wed Dec 5 10:38:08 UTC 2018 (Ubuntu 4.4.0-141.167-generic 4.4.162)
[    0.000000] KERNEL supported cpus:
[    0.000000]   Intel GenuineIntel
[    0.000000]   AMD AuthenticAMD
[    0.000000]   NSC Geode by NSC
[    0.000000]   Cyrix CyrixInstead
[    0.000000]   Centaur CentaurHauls
[    0.000000]   Transmeta GenuineTMx86
[    0.000000]   Transmeta TransmetaCPU
[    0.000000]   UMC UMC UMC UMC
[    0.000000] x86/fpu: xstate_offset[2]:  576, xstate_sizes[2]:  256
[    0.000000] x86/fpu: Supporting XSAVE feature 0x01: 'x87 floating point registers'
[    0.000000] x86/fpu: Supporting XSAVE feature 0x02: 'SSE registers'
[    0.000000] x86/fpu: Supporting XSAVE feature 0x04: 'AVX registers'
[    0.000000] x86/fpu: Enabled xstate features 0x7, context size is 832 bytes, using 'standard' format.
[    0.000000] e820: BIOS-provided physical RAM map:
[    0.000000] BIOS-e820: [mem 0x0000000000000000-0x000000000009fbff] usable
[    0.000000] BIOS-e820: [mem 0x000000000009fc00-0x000000000009ffff] reserved
[    0.000000] BIOS-e820: [mem 0x00000000000f0000-0x00000000000fffff] reserved
[    0.000000] BIOS-e820: [mem 0x0000000000100000-0x000000007ffeffff] usable
[    0.000000] BIOS-e820: [mem 0x000000007fff0000-0x000000007fffffff] ACPI data
[    0.000000] BIOS-e820: [mem 0x00000000fec00000-0x00000000fec00fff] reserved
[    0.000000] BIOS-e820: [mem 0x00000000fee00000-0x00000000fee00fff] reserved
[    0.000000] BIOS-e820: [mem 0x00000000fffc0000-0x00000000ffffffff] reserved
[    0.000000] NX (Execute Disable) protection: active
[    0.000000] SMBIOS 2.5 present.
[    0.000000] Hypervisor detected: KVM
[    0.000000] e820: last_pfn = 0x7fff0 max_arch_pfn = 0x1000000
[    0.000000] MTRR: Disabled
[    0.000000] x86/PAT: MTRRs disabled, skipping PAT initialization too.
[    0.000000] CPU MTRRs all blank - virtualized system.
[    0.000000] x86/PAT: Configuration [0-7]: WB  WT  UC- UC  WB  WT  UC- UC  
[    0.000000] found SMP MP-table at [mem 0x0009fff0-0x0009ffff] mapped at [c009fff0]
[    0.000000] Scanning 1 areas for low memory corruption
[    0.000000] RAMDISK: [mem 0x3631c000-0x37185fff]
[    0.000000] ACPI: Early table checksum verification disabled
[    0.000000] ACPI: RSDP 0x00000000000E0000 000024 (v02 VBOX  )
[    0.000000] ACPI: XSDT 0x000000007FFF0030 00003C (v01 VBOX   VBOXXSDT 00000001 ASL  00000061)
[    0.000000] ACPI: FACP 0x000000007FFF00F0 0000F4 (v04 VBOX   VBOXFACP 00000001 ASL  00000061)
[    0.000000] ACPI: DSDT 0x000000007FFF0470 0021FF (v02 VBOX   VBOXBIOS 00000002 INTL 20100528)
[    0.000000] ACPI: FACS 0x000000007FFF0200 000040
[    0.000000] ACPI: FACS 0x000000007FFF0200 000040
[    0.000000] ACPI: APIC 0x000000007FFF0240 000054 (v02 VBOX   VBOXAPIC 00000001 ASL  00000061)
[    0.000000] ACPI: SSDT 0x000000007FFF02A0 0001CC (v01 VBOX   VBOXCPUT 00000002 INTL 20100528)
[    0.000000] 1155MB HIGHMEM available.
[    0.000000] 891MB LOWMEM available.
[    0.000000]   mapped low ram: 0 - 37bfe000
[    0.000000]   low ram: 0 - 37bfe000
[    0.000000] kvm-clock: Using msrs 4b564d01 and 4b564d00
[    0.000000] kvm-clock: cpu 0, msr 0:37bfd001, primary cpu clock
[    0.000000] kvm-clock: using sched offset of 4239557150 cycles
[    0.000000] clocksource: kvm-clock: mask: 0xffffffffffffffff max_cycles: 0x1cd42e4dffb, max_idle_ns: 881590591483 ns
[    0.000000] Zone ranges:
[    0.000000]   DMA      [mem 0x0000000000001000-0x0000000000ffffff]
[    0.000000]   Normal   [mem 0x0000000001000000-0x0000000037bfdfff]
[    0.000000]   HighMem  [mem 0x0000000037bfe000-0x000000007ffeffff]
[    0.000000] Movable zone start for each node
[    0.000000] Early memory node ranges
[    0.000000]   node   0: [mem 0x0000000000001000-0x000000000009efff]
[    0.000000]   node   0: [mem 0x0000000000100000-0x000000007ffeffff]
[    0.000000] Initmem setup node 0 [mem 0x0000000000001000-0x000000007ffeffff]
[    0.000000] Using APIC driver default
[    0.000000] ACPI: PM-Timer IO Port: 0x4008
[    0.000000] IOAPIC[0]: apic_id 1, version 32, address 0xfec00000, GSI 0-23
[    0.000000] ACPI: INT_SRC_OVR (bus 0 bus_irq 0 global_irq 2 dfl dfl)
[    0.000000] ACPI: INT_SRC_OVR (bus 0 bus_irq 9 global_irq 9 low level)
[    0.000000] Using ACPI (MADT) for SMP configuration information
[    0.000000] smpboot: Allowing 1 CPUs, 0 hotplug CPUs
[    0.000000] PM: Registered nosave memory: [mem 0x00000000-0x00000fff]
[    0.000000] PM: Registered nosave memory: [mem 0x0009f000-0x0009ffff]
[    0.000000] PM: Registered nosave memory: [mem 0x000a0000-0x000effff]
[    0.000000] PM: Registered nosave memory: [mem 0x000f0000-0x000fffff]
[    0.000000] e820: [mem 0x80000000-0xfebfffff] available for PCI devices
[    0.000000] Booting paravirtualized kernel on KVM
[    0.000000] clocksource: refined-jiffies: mask: 0xffffffff max_cycles: 0xffffffff, max_idle_ns: 7645519600211568 ns
[    0.000000] setup_percpu: NR_CPUS:8 nr_cpumask_bits:8 nr_cpu_ids:1 nr_node_ids:1
[    0.000000] PERCPU: Embedded 19 pages/cpu @f71c3000 s47436 r0 d30388 u77824
[    0.000000] PV qspinlock hash table entries: 512 (order: 0, 4096 bytes)
[    0.000000] Built 1 zonelists in Zone order, mobility grouping on.  Total pages: 521944
[    0.000000] Kernel command line: BOOT_IMAGE=/boot/vmlinuz-4.4.0-141-generic root=UUID=e836fffc-7e9f-4514-9fc7-34df93df41a1 ro console=tty1 console=ttyS0
[    0.000000] PID hash table entries: 4096 (order: 2, 16384 bytes)
[    0.000000] Dentry cache hash table entries: 131072 (order: 7, 524288 bytes)
[    0.000000] Inode-cache hash table entries: 65536 (order: 6, 262144 bytes)
[    0.000000] Initializing CPU#0
[    0.000000] Initializing HighMem for node 0 (00037bfe:0007fff0)
[    0.000000] Initializing Movable for node 0 (00000000:00000000)
[    0.000000] Memory: 2046456K/2096696K available (8052K kernel code, 778K rwdata, 3180K rodata, 952K init, 800K bss, 50240K reserved, 0K cma-reserved, 1183688K highmem)
[    0.000000] virtual kernel memory layout:
[    0.000000]     fixmap  : 0xfff15000 - 0xfffff000   ( 936 kB)
[    0.000000]     pkmap   : 0xffc00000 - 0xffe00000   (2048 kB)
[    0.000000]     vmalloc : 0xf83fe000 - 0xffbfe000   ( 120 MB)
[    0.000000]     lowmem  : 0xc0000000 - 0xf7bfe000   ( 891 MB)
[    0.000000]       .init : 0xc1bbe000 - 0xc1cac000   ( 952 kB)
[    0.000000]       .data : 0xc17dd3c4 - 0xc1bbc9c0   (3965 kB)
[    0.000000]       .text : 0xc1000000 - 0xc17dd3c4   (8052 kB)
[    0.000000] Checking if this processor honours the WP bit even in supervisor mode...Ok.
[    0.000000] SLUB: HWalign=64, Order=0-3, MinObjects=0, CPUs=1, Nodes=1
[    0.000000] Hierarchical RCU implementation.
[    0.000000] 	Build-time adjustment of leaf fanout to 32.
[    0.000000] 	RCU restricting CPUs from NR_CPUS=8 to nr_cpu_ids=1.
[    0.000000] RCU: Adjusting geometry for rcu_fanout_leaf=32, nr_cpu_ids=1
[    0.000000] NR_IRQS:2304 nr_irqs:256 16
[    0.000000] Console: colour VGA+ 80x25
[    0.000000] console [tty1] enabled
[    0.000000] console [ttyS0] enabled
[    0.000000] allocated 2097152 bytes of page_ext
[    0.000000] tsc: Detected 2399.994 MHz processor
[    0.475997] Calibrating delay loop (skipped) preset value.. 4799.98 BogoMIPS (lpj=9599976)
[    0.478205] pid_max: default: 32768 minimum: 301
[    0.479381] ACPI: Core revision 20150930
[    0.482446] ACPI: 2 ACPI AML tables successfully acquired and loaded
[    0.484205] Security Framework initialized
[    0.485349] Yama: becoming mindful.
[    0.486383] AppArmor: AppArmor initialized
[    0.487504] Mount-cache hash table entries: 2048 (order: 1, 8192 bytes)
[    0.489059] Mountpoint-cache hash table entries: 2048 (order: 1, 8192 bytes)
[    0.490896] Initializing cgroup subsys io
[    0.491976] Initializing cgroup subsys memory
[    0.493229] Initializing cgroup subsys devices
[    0.494529] Initializing cgroup subsys freezer
[    0.495922] Initializing cgroup subsys net_cls
[    0.497063] Initializing cgroup subsys perf_event
[    0.498277] Initializing cgroup subsys net_prio
[    0.499448] Initializing cgroup subsys hugetlb
[    0.500670] Initializing cgroup subsys pids
[    0.505367] mce: CPU supports 0 MCE banks
[    0.506528] process: using mwait in idle threads
[    0.507749] Last level iTLB entries: 4KB 64, 2MB 8, 4MB 8
[    0.509155] Last level dTLB entries: 4KB 64, 2MB 0, 4MB 0, 1GB 4
[    0.510725] Spectre V2 : Mitigation: Full generic retpoline
[    0.512164] Spectre V2 : Spectre v2 mitigation: Speculation control IBPB not-supported IBRS not-supported
[    0.514259] Spectre V2 : Spectre v2 / SpectreRSB mitigation: Filling RSB on context switch
[    0.516812] Speculative Store Bypass: Vulnerable
[    0.547408] Freeing SMP alternatives memory: 32K
[    0.571616] ftrace: allocating 31566 entries in 62 pages
[    0.677107] smpboot: APIC(0) Converting physical 0 to logical package 0
[    0.681341] smpboot: Max logical packages: 1
[    0.689493] Enabling APIC mode:  Flat.  Using 1 I/O APICs
[    0.693988] ..TIMER: vector=0x30 apic1=0 pin1=2 apic2=-1 pin2=-1
[    0.803181] APIC calibration not consistent with PM-Timer: 101ms instead of 100ms
[    0.809719] APIC delta adjusted to PM-Timer: 6250013 (6320588)
[    0.813189] smpboot: CPU0: Intel(R) Core(TM) i5-6200U CPU @ 2.30GHz (family: 0x6, model: 0x4e, stepping: 0x3)
[    0.818794] Performance Events: unsupported p6 CPU model 78 no PMU driver, software events only.
[    0.822048] KVM setup paravirtual spinlock
[    0.824475] x86: Booted up 1 node, 1 CPUs
[    0.827477] smpboot: Total of 1 processors activated (4799.98 BogoMIPS)
[    0.830059] devtmpfs: initialized
[    0.831735] evm: security.selinux
[    0.832891] evm: security.SMACK64
[    0.834208] evm: security.SMACK64EXEC
[    0.835817] evm: security.SMACK64TRANSMUTE
[    0.837723] evm: security.SMACK64MMAP
[    0.839253] evm: security.ima
[    0.840465] evm: security.capability
[    0.842003] clocksource: jiffies: mask: 0xffffffff max_cycles: 0xffffffff, max_idle_ns: 7645041785100000 ns
[    0.857898] futex hash table entries: 256 (order: 2, 16384 bytes)
[    0.859828] pinctrl core: initialized pinctrl subsystem
[    0.862046] RTC time: 22:29:23, date: 01/06/19
[    0.870127] NET: Registered protocol family 16
[    0.872000] EISA bus registered
[    0.880912] cpuidle: using governor ladder
[    0.882460] cpuidle: using governor menu
[    0.884004] PCCT header not found.
[    0.885643] ACPI: bus type PCI registered
[    0.887049] acpiphp: ACPI Hot Plug PCI Controller Driver version: 0.5
[    0.891328] PCI : PCI BIOS area is rw and x. Use pci=nobios if you want it NX.
[    0.893999] PCI: PCI BIOS revision 2.10 entry at 0xfda26, last bus=0
[    0.902081] PCI: Using configuration type 1 for base access
[    0.905031] ACPI: Added _OSI(Module Device)
[    0.906183] ACPI: Added _OSI(Processor Device)
[    0.907331] ACPI: Added _OSI(3.0 _SCP Extensions)
[    0.908565] ACPI: Added _OSI(Processor Aggregator Device)
[    0.910730] ACPI: Executed 1 blocks of module-level executable AML code
[    0.915243] ACPI: Interpreter enabled
[    0.916267] ACPI: (supports S0 S5)
[    0.928680] ACPI: Using IOAPIC for interrupt routing
[    0.930154] PCI: Using host bridge windows from ACPI; if necessary, use "pci=nocrs" and report a bug
[    0.943368] ACPI: PCI Root Bridge [PCI0] (domain 0000 [bus 00-ff])
[    0.945420] acpi PNP0A03:00: _OSC: OS supports [ASPM ClockPM Segments MSI]
[    0.947813] acpi PNP0A03:00: _OSC: not requesting OS control; OS requires [ExtendedConfig ASPM ClockPM MSI]
[    0.951167] acpi PNP0A03:00: fail to add MMCONFIG information, can't access extended PCI configuration space under this bridge.
[    0.955238] PCI host bridge to bus 0000:00
[    0.956597] pci_bus 0000:00: root bus resource [io  0x0000-0x0cf7 window]
[    0.958895] pci_bus 0000:00: root bus resource [io  0x0d00-0xffff window]
[    0.961069] pci_bus 0000:00: root bus resource [mem 0x000a0000-0x000bffff window]
[    0.964764] pci_bus 0000:00: root bus resource [mem 0x80000000-0xfdffffff window]
[    0.967284] pci_bus 0000:00: root bus resource [bus 00-ff]
[    0.971637] pci 0000:00:01.1: legacy IDE quirk: reg 0x10: [io  0x01f0-0x01f7]
[    0.973978] pci 0000:00:01.1: legacy IDE quirk: reg 0x14: [io  0x03f6]
[    0.975922] pci 0000:00:01.1: legacy IDE quirk: reg 0x18: [io  0x0170-0x0177]
[    0.978241] pci 0000:00:01.1: legacy IDE quirk: reg 0x1c: [io  0x0376]
[    1.001115] pci 0000:00:07.0: quirk: [io  0x4000-0x403f] claimed by PIIX4 ACPI
[    1.003357] pci 0000:00:07.0: quirk: [io  0x4100-0x410f] claimed by PIIX4 SMB
[    1.015795] ACPI: PCI Interrupt Link [LNKA] (IRQs 5 9 10 *11)
[    1.018068] ACPI: PCI Interrupt Link [LNKB] (IRQs 5 9 *10 11)
[    1.020274] ACPI: PCI Interrupt Link [LNKC] (IRQs 5 *9 10 11)
[    1.022607] ACPI: PCI Interrupt Link [LNKD] (IRQs 5 9 10 *11)
[    1.024870] ACPI: Enabled 2 GPEs in block 00 to 07
[    1.026525] vgaarb: setting as boot device: PCI:0000:00:02.0
[    1.042314] vgaarb: device added: PCI:0000:00:02.0,decodes=io+mem,owns=io+mem,locks=none
[    1.066751] vgaarb: loaded
[    1.073853] vgaarb: bridge control possible 0000:00:02.0
[    1.082344] SCSI subsystem initialized
[    1.083564] ACPI: bus type USB registered
[    1.084676] usbcore: registered new interface driver usbfs
[    1.086123] usbcore: registered new interface driver hub
[    1.087492] usbcore: registered new device driver usb
[    1.095962] PCI: Using ACPI for IRQ routing
[    1.126797] NetLabel: Initializing
[    1.127885] NetLabel:  domain hash size = 128
[    1.129007] NetLabel:  protocols = UNLABELED CIPSOv4
[    1.130347] NetLabel:  unlabeled traffic allowed by default
[    1.150528] amd_nb: Cannot enumerate AMD northbridges
[    1.152040] clocksource: Switched to clocksource kvm-clock
[    1.200127] AppArmor: AppArmor Filesystem Enabled
[    1.206465] pnp: PnP ACPI init
[    1.230804] pnp: PnP ACPI: found 3 devices
[    1.247741] PnPBIOS: Disabled by ACPI PNP
[    1.289905] clocksource: acpi_pm: mask: 0xffffff max_cycles: 0xffffff, max_idle_ns: 2085701024 ns
[    1.306042] NET: Registered protocol family 2
[    1.307381] TCP established hash table entries: 8192 (order: 3, 32768 bytes)
[    1.309118] TCP bind hash table entries: 8192 (order: 4, 65536 bytes)
[    1.318268] TCP: Hash tables configured (established 8192 bind 8192)
[    1.319887] UDP hash table entries: 512 (order: 2, 16384 bytes)
[    1.337164] UDP-Lite hash table entries: 512 (order: 2, 16384 bytes)
[    1.355474] NET: Registered protocol family 1
[    1.356844] pci 0000:00:00.0: Limiting direct PCI/PCI transfers
[    1.364403] pci 0000:00:01.0: Activating ISA DMA hang workarounds
[    1.371677] Unpacking initramfs...
[    1.738387] Freeing initrd memory: 14760K
[    1.740290] platform rtc_cmos: registered platform RTC device (no PNP device found)
[    1.746145] Scanning for low memory corruption every 60 seconds
[    1.748630] audit: initializing netlink subsys (disabled)
[    1.750494] audit: type=2000 audit(1546813769.463:1): initialized
[    1.752866] Initialise system trusted keyring
[    1.754582] HugeTLB registered 2 MB page size, pre-allocated 0 pages
[    1.758263] zbud: loaded
[    1.759500] VFS: Disk quotas dquot_6.6.0
[    1.761050] VFS: Dquot-cache hash table entries: 1024 (order 0, 4096 bytes)
[    1.763588] squashfs: version 4.0 (2009/01/31) Phillip Lougher
[    1.766179] fuse init (API version 7.23)
[    1.767644] Key type big_key registered
[    1.769205] Allocating IMA MOK and blacklist keyrings.
[    1.772697] Key type asymmetric registered
[    1.773887] Asymmetric key parser 'x509' registered
[    1.775188] bounce: pool size: 64 pages
[    1.776338] Block layer SCSI generic (bsg) driver version 0.4 loaded (major 249)
[    1.778297] io scheduler noop registered
[    1.779360] io scheduler deadline registered (default)
[    1.780810] io scheduler cfq registered
[    1.782017] pci_hotplug: PCI Hot Plug PCI Core version: 0.5
[    1.783415] pciehp: PCI Express Hot Plug Controller Driver version: 0.4
[    1.786194] ACPI: AC Adapter [AC] (on-line)
[    1.794764] input: Power Button as /devices/LNXSYSTM:00/LNXPWRBN:00/input/input0
[    1.804982] ACPI: Power Button [PWRF]
[    1.806489] input: Sleep Button as /devices/LNXSYSTM:00/LNXSLPBN:00/input/input1
[    1.808876] ACPI: Sleep Button [SLPF]
[    1.811694] ACPI: Battery Slot [BAT0] (battery present)
[    1.813549] GHES: HEST is not enabled!
[    1.815593] virtio-pci 0000:00:03.0: virtio_pci: leaving for legacy driver
[    1.817818] isapnp: Scanning for PnP cards...
[    1.826088] virtio-pci 0000:00:08.0: virtio_pci: leaving for legacy driver
[    1.828454] Serial: 8250/16550 driver, 32 ports, IRQ sharing enabled
[    1.853361] 00:02: ttyS0 at I/O 0x3f8 (irq = 4, base_baud = 115200) is a 16550A
[    1.902171] Linux agpgart interface v0.103
[    1.909689] loop: module loaded
[    1.911849] scsi host0: ata_piix
[    1.913631] scsi host1: ata_piix
[    1.914965] ata1: PATA max UDMA/33 cmd 0x1f0 ctl 0x3f6 bmdma 0xd000 irq 14
[    1.917312] ata2: PATA max UDMA/33 cmd 0x170 ctl 0x376 bmdma 0xd008 irq 15
[    1.965104] libphy: Fixed MDIO Bus: probed
[    1.966404] tun: Universal TUN/TAP device driver, 1.6
[    1.967738] tun: (C) 1999-2004 Max Krasnyansky <maxk@qualcomm.com>
[    1.970002] PPP generic driver version 2.4.2
[    1.971239] ehci_hcd: USB 2.0 'Enhanced' Host Controller (EHCI) Driver
[    1.973118] ehci-pci: EHCI PCI platform driver
[    1.975098] ehci-platform: EHCI generic platform driver
[    1.976854] ohci_hcd: USB 1.1 'Open' Host Controller (OHCI) Driver
[    1.979139] ohci-pci: OHCI PCI platform driver
[    1.980904] ohci-platform: OHCI generic platform driver
[    1.982262] uhci_hcd: USB Universal Host Controller Interface driver
[    1.984001] i8042: PNP: PS/2 Controller [PNP0303:PS2K,PNP0f03:PS2M] at 0x60,0x64 irq 1,12
[    1.987452] serio: i8042 KBD port at 0x60,0x64 irq 1
[    1.989249] serio: i8042 AUX port at 0x60,0x64 irq 12
[    1.991241] mousedev: PS/2 mouse device common for all mice
[    1.993444] input: AT Translated Set 2 keyboard as /devices/platform/i8042/serio0/input/input2
[    1.997256] rtc_cmos rtc_cmos: rtc core: registered rtc_cmos as rtc0
[    1.999375] rtc_cmos rtc_cmos: alarms up to one day, 114 bytes nvram
[    2.001845] i2c /dev entries driver
[    2.003246] device-mapper: uevent: version 1.0.3
[    2.005319] device-mapper: ioctl: 4.34.0-ioctl (2015-10-28) initialised: dm-devel@redhat.com
[    2.008692] platform eisa.0: Probing EISA bus 0
[    2.011914] platform eisa.0: EISA: Cannot allocate resource for mainboard
[    2.059699] platform eisa.0: Cannot allocate resource for EISA slot 1
[    2.061959] platform eisa.0: Cannot allocate resource for EISA slot 2
[    2.064015] platform eisa.0: Cannot allocate resource for EISA slot 3
[    2.066430] platform eisa.0: Cannot allocate resource for EISA slot 4
[    2.068454] platform eisa.0: Cannot allocate resource for EISA slot 5
[    2.070944] platform eisa.0: Cannot allocate resource for EISA slot 6
[    2.079212] platform eisa.0: Cannot allocate resource for EISA slot 7
[    2.081393] platform eisa.0: Cannot allocate resource for EISA slot 8
[    2.083614] platform eisa.0: EISA: Detected 0 cards
[    2.085473] cpufreq-nforce2: No nForce2 chipset.
[    2.088287] ledtrig-cpu: registered to indicate activity on CPUs
[    2.093802] NET: Registered protocol family 10
[    2.096009] NET: Registered protocol family 17
[    2.097770] Key type dns_resolver registered
[    2.099582] Using IPI No-Shortcut mode
[    2.145759] registered taskstats version 1
[    2.147212] Loading compiled-in X.509 certificates
[    2.151496] Loaded X.509 cert 'Build time autogenerated kernel key: 8ee7231a1e42e4b4a17d0e4b95c66ffe15d3b32e'
[    2.154973] zswap: loaded using pool lzo/zbud
[    2.166616] Key type trusted registered
[    2.216376] Key type encrypted registered
[    2.218018] AppArmor: AppArmor sha1 policy hashing enabled
[    2.220029] ima: No TPM chip found, activating TPM-bypass!
[    2.222050] ima: Allocated hash algorithm: sha1
[    2.223724] evm: HMAC attrs: 0x1
[    2.225507]   Magic number: 3:679:501
[    2.227108] rtc_cmos rtc_cmos: setting system clock to 2019-01-06 22:29:24 UTC (1546813764)
[    2.230583] BIOS EDD facility v0.16 2004-Jun-25, 0 devices found
[    2.232669] EDD information not available.
[    2.370880] isapnp: No Plug & Play device found
[    2.372332] Freeing unused kernel memory: 952K
[    2.373598] Write protecting the kernel text: 8056k
[    2.374903] Write protecting the kernel read-only data: 3184k
[    2.376319] NX-protecting the kernel data: 6280k
Loading, please wait...
starting version 229
[    2.394842] random: udevadm: uninitialized urandom read (16 bytes read, 4 bits of entropy available)
[    2.398137] random: systemd-udevd: uninitialized urandom read (16 bytes read, 4 bits of entropy available)
[    2.400722] random: systemd-udevd: uninitialized urandom read (16 bytes read, 4 bits of entropy available)
[    2.403427] random: systemd-udevd: uninitialized urandom read (16 bytes read, 4 bits of entropy available)
[    2.430234] random: udevadm: uninitialized urandom read (16 bytes read, 4 bits of entropy available)
[    2.482413] random: udevadm: uninitialized urandom read (16 bytes read, 4 bits of entropy available)
[    2.488514] random: udevadm: uninitialized urandom read (16 bytes read, 4 bits of entropy available)
[    2.490891] random: udevadm: uninitialized urandom read (16 bytes read, 4 bits of entropy available)
[    2.498762] random: udevadm: uninitialized urandom read (16 bytes read, 4 bits of entropy available)
[    2.513087] random: udevadm: uninitialized urandom read (16 bytes read, 4 bits of entropy available)
[    2.590993] virtio_net virtio0 enp0s3: renamed from eth0
[    2.620331] Fusion MPT base driver 3.04.20
[    2.621821] Copyright (c) 1999-2008 LSI Corporation
[    2.648305] virtio_net virtio1 enp0s8: renamed from eth1
[    2.683462] Fusion MPT SPI Host driver 3.04.20
[    2.707610] mptbase: ioc0: Initiating bringup
[    2.742636] tsc: Refined TSC clocksource calibration: 2399.445 MHz
[    2.760979] clocksource: tsc: mask: 0xffffffffffffffff max_cycles: 0x22962b1e7a3, max_idle_ns: 440795283808 ns
[    2.825919] input: ImExPS/2 Generic Explorer Mouse as /devices/platform/i8042/serio1/input/input4
[    2.883455] ioc0: LSI53C1030 A0: Capabilities={Initiator}
[    3.070995] scsi host2: ioc0: LSI53C1030 A0, FwRev=00000000h, Ports=1, MaxQ=256, IRQ=20
[    3.185182] scsi 2:0:0:0: Direct-Access     VBOX     HARDDISK         1.0  PQ: 0 ANSI: 5
[    3.194368] scsi target2:0:0: Beginning Domain Validation
[    3.199402] scsi target2:0:0: Domain Validation skipping write tests
[    3.208899] scsi target2:0:0: Ending Domain Validation
[    3.210813] scsi target2:0:0: asynchronous
[    3.244098] scsi 2:0:1:0: Direct-Access     VBOX     HARDDISK         1.0  PQ: 0 ANSI: 5
[    3.274952] scsi target2:0:1: Beginning Domain Validation
[    3.278135] scsi target2:0:1: Domain Validation skipping write tests
[    3.280343] scsi target2:0:1: Ending Domain Validation
[    3.290877] scsi target2:0:1: asynchronous
[    3.305463] sd 2:0:0:0: Attached scsi generic sg0 type 0
[    3.321914] sd 2:0:0:0: [sda] 20971520 512-byte logical blocks: (10.7 GB/10.0 GiB)
[    3.360225] sd 2:0:1:0: [sdb] 20480 512-byte logical blocks: (10.5 MB/10.0 MiB)
[    3.386569] sd 2:0:1:0: Attached scsi generic sg1 type 0
[    3.397732] sd 2:0:0:0: [sda] Write Protect is off
[    3.399472] sd 2:0:1:0: [sdb] Write Protect is off
[    3.401324] sd 2:0:0:0: [sda] Incomplete mode parameter data
[    3.409876] sd 2:0:0:0: [sda] Assuming drive cache: write through
[    3.412151] sd 2:0:1:0: [sdb] Incomplete mode parameter data
[    3.414155] sd 2:0:1:0: [sdb] Assuming drive cache: write through
[    3.454301]  sda: sda1
[    3.456540] sd 2:0:0:0: [sda] Attached SCSI disk
[    3.470081] sd 2:0:1:0: [sdb] Attached SCSI disk
Begin: Loading essential drivers ... [    5.166647] md: linear personality registered for level -1
[    5.182358] md: multipath personality registered for level -4
[    5.189109] md: raid0 personality registered for level 0
[    5.201320] md: raid1 personality registered for level 1
[    5.284469] raid6: mmxx1    gen()  5009 MB/s
[    5.364529] raid6: mmxx2    gen()  5276 MB/s
[    5.448414] raid6: sse1x1   gen()  4259 MB/s
[    5.524634] raid6: sse1x2   gen()  4750 MB/s
[    5.608174] raid6: sse2x1   gen()  8249 MB/s
[    5.684100] raid6: sse2x1   xor()  6130 MB/s
[    5.768502] raid6: sse2x2   gen() 11158 MB/s
[    5.836341] raid6: sse2x2   xor()  7453 MB/s
[    5.904247] raid6: avx2x1   gen() 13728 MB/s
[    5.980489] raid6: avx2x2   gen() 18528 MB/s
[    5.990134] raid6: using algorithm avx2x2 gen() 18528 MB/s
[    5.994217] raid6: using avx2x1 recovery algorithm
[    5.999943] xor: automatically using best checksumming function:
[    6.060111]    avx       : 20301.000 MB/sec
[    6.065900] async_tx: api initialized (async)
[    6.095213] md: raid6 personality registered for level 6
[    6.097655] md: raid5 personality registered for level 5
[    6.099623] md: raid4 personality registered for level 4
[    6.113962] md: raid10 personality registered for level 10
done.
Begin: Running /scripts/init-premount ... done.
Begin: Mounting root file system ... Begin: Running /scripts/local-top ... done.
Begin: Running /scripts/local-premount ... [    6.180675] Btrfs loaded
Scanning for Btrfs filesystems
done.
Warning: fsck not present, so skipping root file system
[    6.341632] EXT4-fs (sda1): mounted filesystem with ordered data mode. Opts: (null)
done.
Begin: Running /scripts/local-bottom ... done.
Begin: Running /scripts/init-bottom ... done.
[    6.892708] random: nonblocking pool is initialized
[    7.204777] systemd[1]: systemd 229 running in system mode. (+PAM +AUDIT +SELINUX +IMA +APPARMOR +SMACK +SYSVINIT +UTMP +LIBCRYPTSETUP +GCRYPT +GNUTLS +ACL +XZ -LZ4 +SECCOMP +BLKID +ELFUTILS +KMOD -IDN)
[    7.216706] systemd[1]: Detected virtualization oracle.
[    7.218565] systemd[1]: Detected architecture x86.

Welcome to [1mUbuntu 16.04.5 LTS[0m!

[    7.307359] systemd[1]: Set hostname to <kouosl>.
[    8.781320] systemd[1]: Listening on Journal Socket.
[[0;32m  OK  [0m] Listening on Journal Socket.
[    8.792921] systemd[1]: Listening on /dev/initctl Compatibility Named Pipe.
[[0;32m  OK  [0m] Listening on /dev/initctl Compatibility Named Pipe.
[    8.857606] systemd[1]: Created slice System Slice.
[[0;32m  OK  [0m] Created slice System Slice.
[    8.900991] systemd[1]: Starting Nameserver information manager...
         Starting Nameserver information manager...
[    8.926088] systemd[1]: Listening on udev Control Socket.
[[0;32m  OK  [0m] Listening on udev Control Socket.
[    8.960847] systemd[1]: Starting Set console keymap...
         Starting Set console keymap...
[    8.972494] systemd[1]: Started Trigger resolvconf update for networkd DNS.
[[0;32m  OK  [0m] Started Trigger resolvconf update for networkd DNS.
[    9.070165] systemd[1]: Starting Load Kernel Modules...
         Starting Load Kernel Modules...
[    9.110202] systemd[1]: Listening on Syslog Socket.
[[0;32m  OK  [0m] Listening on Syslog Socket.
[    9.123985] systemd[1]: Listening on LVM2 poll daemon socket.
[[0;32m  OK  [0m] Listening on LVM2 poll daemon socket.
[    9.129751] systemd[1]: Listening on udev Kernel Socket.
[[0;32m  OK  [0m] Listening on udev Kernel Socket.
[    9.135429] systemd[1]: Mounting Huge Pages File System...
         Mounting Huge Pages File System...
[    9.148891] systemd[1]: Created slice system-serial\x2dgetty.slice.
[[0;32m  OK  [0m] Created slice system-serial\x2dgetty.slice.
[    9.154218] systemd[1]: Reached target Encrypted Volumes.
[[0;32m  OK  [0m] Reached target Encrypted Volumes.
[    9.169791] systemd[1]: Listening on Device-mapper event daemon FIFOs.
[[0;32m  OK  [0m] Listening on Device-mapper event daemon FIFOs.
[    9.182396] systemd[1]: Starting Create list of required static device nodes for the current kernel...
         Starting Create list of required st... nodes for the current kernel...
[    9.199556] systemd[1]: Starting Remount Root and Kernel File Systems...
         Starting Remount Root and Kernel File Systems...
[    9.229160] systemd[1]: Started Forward Password Requests to Wall Directory Watch.
[[0;32m  OK  [0m] Started Forward Password Requests to Wall Directory Watch.
[    9.238889] systemd[1]: Mounting POSIX Message Queue File System...
         Mounting POSIX Message Queue File System...
[    9.248128] systemd[1]: Listening on Journal Socket (/dev/log).
[[0;32m  OK  [0m] Listening on Journal Socket (/dev/log).
[    9.255997] systemd[1]: Created slice User and Session Slice.
[    9.257466] EXT4-fs (sda1): re-mounted. Opts: (null)
[[0;32m  OK  [0m] Created slice User and Session Slice.
[    9.264570] systemd[1]: Reached target Slices.
[[0;32m  OK  [0m] Reached target Slices.
[    9.272483] systemd[1]: Reached target System Time Synchronized.
[[0;32m  OK  [0m] Reached target System Time Synchronized.
[    9.281197] systemd[1]: Starting Uncomplicated firewall...
[    9.293066] Loading iSCSI transport class v2.0-870.
         Starting Uncomplicated firewall...
[    9.304753] systemd[1]: Reached target User and Group Name Lookups.
[[0;32m  OK  [0m] Reached target User and Group Name Lookups.
[    9.328451] systemd[1]: Listening on LVM2 metadata daemon socket.
[[0;32m  OK  [0m] Listening on LVM2 metadata daemon socket.
[    9.336727] systemd[1]: Starting Monitoring of LVM2 mirrors, snapshots etc. using dmeventd or progress polling...
         Starting Monitoring of LVM2 mirrors... dmeventd or progress polling...
[    9.373404] systemd[1]: Mounting Debug File System...
         Mounting Debug File System...
[    9.382540] systemd[1]: Set up automount Arbitrary Executable File Formats File System Automount Point.
[    9.395579] iscsi: registered transport (tcp)
[[0;32m  OK  [0m] Set up automount Arbitrary Executab...ats File System Automount Point.
[    9.449584] systemd[1]: Reached target Swap.
[[0;32m  OK  [0m] Reached target Swap.
[    9.517093] systemd[1]: Listening on Journal Audit Socket.
[[0;32m  OK  [0m] Listening on Journal Audit Socket.
[    9.557212] systemd[1]: Starting Journal Service...
         Starting Journal Service...
[    9.597924] systemd[1]: Mounted Huge Pages File System.
[[0;32m  OK  [0m] Mounted Huge Pages File System.
[    9.646278] systemd[1]: Mounted POSIX Message Queue File System.
[[0;32m  OK  [0m] Mounted POSIX Message Queue File System.
[    9.652007] systemd[1]: Mounted Debug File System.
[[0;32m  OK  [0m] Mounted Debug File System.
[    9.663826] systemd[1]: Started Set console keymap.
[[0;32m  OK  [0m] Started Set console keymap.
[    9.676313] systemd[1]: Started Create list of required static device nodes for the current kernel.
[[0;32m  OK  [0m] Started Create list of required sta...ce nodes for the current kernel.
[    9.685186] systemd[1]: Started Remount Root and Kernel File Systems.
[[0;32m  OK  [0m] Started Remount Root and Kernel File Systems.
[    9.697780] systemd[1]: Started Uncomplicated firewall.
[[0;32m  OK  [0m] Started Uncomplicated firewall.
[    9.720509] systemd[1]: Started Nameserver information manager.
[[0;32m  OK  [0m] Started Nameserver information manager.
[    9.774438] iscsi: registered transport (iser)
[    9.779634] systemd[1]: Started Load Kernel Modules.
[[0;32m  OK  [0m] Started Load Kernel Modules.
[    9.857375] systemd[1]: Started LVM2 metadata daemon.
[[0;32m  OK  [0m] Started LVM2 metadata daemon.
[    9.862475] systemd[1]: Mounting FUSE Control File System...
         Mounting FUSE Control File System...
[    9.871234] systemd[1]: Starting Apply Kernel Variables...
         Starting Apply Kernel Variables...
[   10.014382] systemd[1]: Starting udev Coldplug all Devices...
         Starting udev Coldplug all Devices...
[   10.061169] systemd[1]: Starting Load/Save Random Seed...
         Starting Load/Save Random Seed...
[   10.099227] systemd[1]: Starting Create Static Device Nodes in /dev...
         Starting Create Static Device Nodes in /dev...
[[0;32m  OK  [0m] Mounted FUSE Control File System.
[[0;32m  OK  [0m] Started Journal Service.
[[0;32m  OK  [0m] Started Apply Kernel Variables.
[[0;32m  OK  [0m] Started Load/Save Random Seed.
[[0;32m  OK  [0m] Started udev Coldplug all Devices.
         Starting Flush Journal to Persistent Storage...
[[0;32m  OK  [0m] Started Monitoring of LVM2 mirrors,...ng dmeventd or progress polling.
[[0;32m  OK  [0m] Started Flush Journal to Persistent Storage.
[[0;32m  OK  [0m] Started Create Static Device Nodes in /dev.
         Starting udev Kernel Device Manager...
[[0;32m  OK  [0m] Reached target Local File Systems (Pre).
[[0;32m  OK  [0m] Reached target Local File Systems.
         Starting Tell Plymouth To Write Out Runtime Data...
         Starting LSB: AppArmor initialization...
         Starting Create Volatile Files and Directories...
         Starting Initial cloud-init job (pre-networking)...
         Starting Set console font and keymap...
[[0;32m  OK  [0m] Started Tell Plymouth To Write Out Runtime Data.
[[0;32m  OK  [0m] Started Create Volatile Files and Directories.
         Starting Update UTMP about System Boot/Shutdown...
[[0;32m  OK  [0m] Started Update UTMP about System Boot/Shutdown.
[[0;32m  OK  [0m] Started udev Kernel Device Manager.
[[0;32m  OK  [0m] Started Dispatch Password Requests to Console Directory Watch.
[[0;32m  OK  [0m] Found device /dev/ttyS0.
[[0;32m  OK  [0m] Started Set console font and keymap.
[[0;32m  OK  [0m] Created slice system-getty.slice.
[[0;32m  OK  [0m] Listening on Load/Save RF Kill Switch Status /dev/rfkill Watch.
[[0;32m  OK  [0m] Found device Virtio network device.
[[0;32m  OK  [0m] Found device Virtio network device.
[[0;32m  OK  [0m] Started LSB: AppArmor initialization.
[   16.692245] cloud-init[492]: Cloud-init v. 18.4-0ubuntu1~16.04.2 running 'init-local' at Sun, 06 Jan 2019 22:29:38 +0000. Up 15.61 seconds.
[[0;32m  OK  [0m] Started Initial cloud-init job (pre-networking).
[[0;32m  OK  [0m] Reached target Network (Pre).
[[0;32m  OK  [0m] Started ifup for enp0s3.
         Starting Raise network interfaces...
[[0;32m  OK  [0m] Started ifup for enp0s8.
[[0;32m  OK  [0m] Started Raise network interfaces.
[[0;32m  OK  [0m] Reached target Network.
         Starting Initial cloud-init job (metadata service crawler)...
[   19.312161] cloud-init[1078]: Cloud-init v. 18.4-0ubuntu1~16.04.2 running 'init' at Sun, 06 Jan 2019 22:29:41 +0000. Up 18.04 seconds.
[   19.325543] cloud-init[1078]: ci-info: ++++++++++++++++++++++++++++++++++++++Net device info+++++++++++++++++++++++++++++++++++++++
[   19.330963] cloud-init[1078]: ci-info: +--------+------+-----------------------------+---------------+--------+-------------------+
[   19.340320] cloud-init[1078]: ci-info: | Device |  Up  |           Address           |      Mask     | Scope  |     Hw-Address    |
[   19.348714] cloud-init[1078]: ci-info: +--------+------+-----------------------------+---------------+--------+-------------------+
[   19.357494] cloud-init[1078]: ci-info: | enp0s3 | True |          10.0.2.15          | 255.255.255.0 | global | 02:45:20:27:6f:ab |
[   19.369101] cloud-init[1078]: ci-info: | enp0s3 | True |  fe80::45:20ff:fe27:6fab/64 |       .       |  link  | 02:45:20:27:6f:ab |
[   19.376908] cloud-init[1078]: ci-info: | enp0s8 | True |        192.168.83.137       | 255.255.255.0 | global | 08:00:27:5d:ca:15 |
[   19.388734] cloud-init[1078]: ci-info: | enp0s8 | True | fe80::a00:27ff:fe5d:ca15/64 |       .       |  link  | 08:00:27:5d:ca:15 |
[   19.397536] cloud-init[1078]: ci-info: |   lo   | True |          127.0.0.1          |   255.0.0.0   |  host  |         .         |
[   19.410916] cloud-init[1078]: ci-info: |   lo   | True |           ::1/128           |       .       |  host  |         .         |
[   19.421315] cloud-init[1078]: ci-info: +--------+------+-----------------------------+---------------+--------+-------------------+
[   19.428985] cloud-init[1078]: ci-info: ++++++++++++++++++++++++++++Route IPv4 info++++++++++++++++++++++++++++
[   19.437495] cloud-init[1078]: ci-info: +-------+--------------+----------+---------------+-----------+-------+
[   19.445184] cloud-init[1078]: ci-info: | Route | Destination  | Gateway  |    Genmask    | Interface | Flags |
[   19.451518] cloud-init[1078]: ci-info: +-------+--------------+----------+---------------+-----------+-------+
[   19.460478] cloud-init[1078]: ci-info: |   0   |   0.0.0.0    | 10.0.2.2 |    0.0.0.0    |   enp0s3  |   UG  |
[   19.467381] cloud-init[1078]: ci-info: |   1   |   10.0.2.0   | 0.0.0.0  | 255.255.255.0 |   enp0s3  |   U   |[[0;32m  OK  [0m] Started Initial cloud-init job (metadata service crawler).
[
[   19.484940] cloud-init[1078]: ci-info: |   2   | 192.168.83.0 | 0.0.0.0  | 255.255.255.0 |   enp0s8  |   U   |
[   19.487650] cloud-init[1078]: ci-info: +-------+--------------+----------+---------------+-----------+-------+
[   19.487801] cloud-init[1078]: ci-info: +++++++++++++++++++Route IPv6 info+++++++++++++++++++
[   19.487903] cloud-init[1078]: ci-info: +-------+-------------+---------+-----------+-------+
[   19.488014] cloud-init[1078]: ci-info: | Route | Destination | Gateway | Interface | Flags |
[   19.488129] cloud-init[1078]: ci-info: +-------+-------------+---------+-----------+-------+
[0;32m  OK  [0m] Reached target System Initialization.
[[0;32m  OK  [0m] Listening on D-Bus System Message Bus Socket.
[   19.489989]          Starting Socket activation for snappy daemon.
[[0;32m  OK  [0m] Listening on UUID daemon activation socket.cloud-init[1078]: ci-info: |   0   |  fe80::/64  |    ::   |   enp0s8  |   U   |
[   19.515510] cloud-init[1078]: ci-info: |   1   |  fe80::/64  |    ::   |   enp0s3  |   U   |
[   19.518375] cloud-init[1078]: ci-info: |   4   |   ff00::/8  |    ::   |   enp0s8  |   U   |
[[0;32m  OK  [0m] Started Daily Cleanup of Temporary Directories.

[   19.524819] cloud-init[1078]: ci-info: |   5   |   ff00::/8  |    ::   |   enp0s3  |   U   |
[   19.528373] cloud-init[1078]: ci-info: +-------+-------------+---------+-----------+-------+
         Starting LXD - unix socket.
[[0;32m  OK  [0m] Listening on ACPID Listen Socket.
[[0;32m  OK  [0m] Started Daily apt download activities.
[[0;32m  OK  [0m] Started ACPI Events Check.
[[0;32m  OK  [0m] Reached target Paths.
[[0;32m  OK  [0m] Started Daily apt upgrade and clean activities.
[[0;32m  OK  [0m] Reached target Timers.
[[0;32m  OK  [0m] Reached target Cloud-config availability.
[[0;32m  OK  [0m] Reached target Network is Online.
         Starting iSCSI initiator daemon (iscsid)...
[[0;32m  OK  [0m] Listening on Socket activation for snappy daemon.
[[0;32m  OK  [0m] Listening on LXD - unix socket.
[[0;32m  OK  [0m] Started iSCSI initiator daemon (iscsid).
         Starting Login to default iSCSI targets...
[[0;32m  OK  [0m] Reached target Sockets.
[[0;32m  OK  [0m] Reached target Basic System.
[[0;32m  OK  [0m] Started Unattended Upgrades Shutdown.
[[0;32m  OK  [0m] Started Regular background program processing daemon.
         Starting LXD - container startup/shutdown...
         Starting System Logging Service...
         Starting /etc/rc.local Compatibility...
[[0;32m  OK  [0m] Started ACPI event daemon.
[[0;32m  OK  [0m] Started Deferred execution scheduler.
         Starting Virtualbox guest utils...
[[0;32m  OK  [0m] Started FUSE filesystem for LXC.
         Starting LSB: MD monitoring daemon...
         Starting Accounts Service...
[[0;32m  OK  [0m] Started D-Bus System Message Bus.
         Starting Login Service...
         Starting LSB: Record successful boot for GRUB...
         Starting OpenBSD Secure Shell server...
         Starting Snappy daemon...
[[0;32m  OK  [0m] Started System Logging Service.
[[0;32m  OK  [0m] Started /etc/rc.local Compatibility.
[[0;32m  OK  [0m] Started Login Service.
[[0;32m  OK  [0m] Started Login to default iSCSI targets.
[[0;32m  OK  [0m] Reached target Remote File Systems (Pre).
[[0;32m  OK  [0m] Reached target Remote File Systems.
         Starting LSB: Start and stop the mysql database server daemon...
         Starting LSB: automatic crash report generation...
         Starting LSB: Apache2 web server...
         Starting Permit User Sessions...
         Starting LSB: Set the CPU Frequency Scaling governor to "ondemand"...
         Starting LSB: daemon to balance interrupts for SMP systems...
[[0;32m  OK  [0m] Started LSB: MD monitoring daemon.
[[0;32m  OK  [0m] Started Permit User Sessions.
         Starting Hold until boot process finishes up...
         Starting Terminate Plymouth Boot Screen...
         Starting Authenticate and Authorize Users to Run Privileged Tasks...
[[0;32m  OK  [0m] Started Hold until boot process finishes up.
[[0;32m  OK  [0m] Started LSB: Record successful boot for GRUB.
[[0;32m  OK  [0m] Started Terminate Plymouth Boot Screen.
[[0;32m  OK  [0m] Started LSB: Set the CPU Frequency Scaling governor to "ondemand".
[[0;32m  OK  [0m] Started Getty on tty1.
[[0;32m  OK  [0m] Started Serial Getty on ttyS0.
[[0;32m  OK  [0m] Reached target Login Prompts.
         Starting Set console scheme...
[[0;32m  OK  [0m] Started LSB: automatic crash report generation.
[[0;32m  OK  [0m] Started LSB: daemon to balance interrupts for SMP systems.
[[0;32m  OK  [0m] Started Set console scheme.
[[0;32m  OK  [0m] Started Virtualbox guest utils.
[[0;32m  OK  [0m] Started Authenticate and Authorize Users to Run Privileged Tasks.
[[0;32m  OK  [0m] Started Accounts Service.
[[0;32m  OK  [0m] Started OpenBSD Secure Shell server.
[[0;32m  OK  [0m] Started LXD - container startup/shutdown.
[[0;32m  OK  [0m] Created slice User Slice of vagrant.
         Starting User Manager for UID 1000...
[[0;32m  OK  [0m] Started Session 1 of user vagrant.
[[0;32m  OK  [0m] Started User Manager for UID 1000.
[[0;32m  OK  [0m] Started Snappy daemon.
         Starting Wait until snapd is fully seeded...
[[0;32m  OK  [0m] Started Wait until snapd is fully seeded.
         Starting Apply the settings specified in cloud-config...
[   27.834640] cloud-init[1513]: Cloud-init v. 18.4-0ubuntu1~16.04.2 running 'modules:config' at Sun, 06 Jan 2019 22:29:50 +0000. Up 27.21 seconds.

Ubuntu 16.04.5 LTS kouosl ttyS0

kouosl login: [   34.508709] cloud-init[2097]: Cloud-init v. 18.4-0ubuntu1~16.04.2 running 'modules:final' at Sun, 06 Jan 2019 22:29:57 +0000. Up 34.25 seconds.
[   34.509488] cloud-init[2097]: Cloud-init v. 18.4-0ubuntu1~16.04.2 finished at Sun, 06 Jan 2019 22:29:57 +0000. Datasource DataSourceNoCloud [seed=/dev/sdb][dsmode=net].  Up 34.49 seconds
