[    0.000000] Initializing cgroup subsys cpuset
[    0.000000] Initializing cgroup subsys cpu
[    0.000000] Initializing cgroup subsys cpuacct
[    0.000000] Linux version 4.4.0-141-generic (buildd@lcy01-amd64-027) (gcc version 5.4.0 20160609 (Ubuntu 5.4.0-6ubuntu1~16.04.10) ) #167-Ubuntu SMP Wed Dec 5 10:38:08 UTC 2018 (Ubuntu 4.4.0-141.167-generic 4.4.162)
[    0.000000] KERNEL supported cpus:
[    0.000000]   Intel GenuineIntel
[    0.000000]   AMD AuthenticAMD
[    0.000000]   NSC Geode by NSC
[    0.000000]   Cyrix CyrixInstead
[    0.000000]   Centaur CentaurHauls
[    0.000000]   Transmeta GenuineTMx86
[    0.000000]   Transmeta TransmetaCPU
[    0.000000]   UMC UMC UMC UMC
[    0.000000] x86/fpu: xstate_offset[2]:  576, xstate_sizes[2]:  256
[    0.000000] x86/fpu: Supporting XSAVE feature 0x01: 'x87 floating point registers'
[    0.000000] x86/fpu: Supporting XSAVE feature 0x02: 'SSE registers'
[    0.000000] x86/fpu: Supporting XSAVE feature 0x04: 'AVX registers'
[    0.000000] x86/fpu: Enabled xstate features 0x7, context size is 832 bytes, using 'standard' format.
[    0.000000] e820: BIOS-provided physical RAM map:
[    0.000000] BIOS-e820: [mem 0x0000000000000000-0x000000000009fbff] usable
[    0.000000] BIOS-e820: [mem 0x000000000009fc00-0x000000000009ffff] reserved
[    0.000000] BIOS-e820: [mem 0x00000000000f0000-0x00000000000fffff] reserved
[    0.000000] BIOS-e820: [mem 0x0000000000100000-0x000000007ffeffff] usable
[    0.000000] BIOS-e820: [mem 0x000000007fff0000-0x000000007fffffff] ACPI data
[    0.000000] BIOS-e820: [mem 0x00000000fec00000-0x00000000fec00fff] reserved
[    0.000000] BIOS-e820: [mem 0x00000000fee00000-0x00000000fee00fff] reserved
[    0.000000] BIOS-e820: [mem 0x00000000fffc0000-0x00000000ffffffff] reserved
[    0.000000] NX (Execute Disable) protection: active
[    0.000000] SMBIOS 2.5 present.
[    0.000000] Hypervisor detected: KVM
[    0.000000] e820: last_pfn = 0x7fff0 max_arch_pfn = 0x1000000
[    0.000000] MTRR: Disabled
[    0.000000] x86/PAT: MTRRs disabled, skipping PAT initialization too.
[    0.000000] CPU MTRRs all blank - virtualized system.
[    0.000000] x86/PAT: Configuration [0-7]: WB  WT  UC- UC  WB  WT  UC- UC  
[    0.000000] found SMP MP-table at [mem 0x0009fff0-0x0009ffff] mapped at [c009fff0]
[    0.000000] Scanning 1 areas for low memory corruption
[    0.000000] RAMDISK: [mem 0x3631c000-0x37185fff]
[    0.000000] ACPI: Early table checksum verification disabled
[    0.000000] ACPI: RSDP 0x00000000000E0000 000024 (v02 VBOX  )
[    0.000000] ACPI: XSDT 0x000000007FFF0030 00003C (v01 VBOX   VBOXXSDT 00000001 ASL  00000061)
[    0.000000] ACPI: FACP 0x000000007FFF00F0 0000F4 (v04 VBOX   VBOXFACP 00000001 ASL  00000061)
[    0.000000] ACPI: DSDT 0x000000007FFF0470 0021FF (v02 VBOX   VBOXBIOS 00000002 INTL 20100528)
[    0.000000] ACPI: FACS 0x000000007FFF0200 000040
[    0.000000] ACPI: FACS 0x000000007FFF0200 000040
[    0.000000] ACPI: APIC 0x000000007FFF0240 000054 (v02 VBOX   VBOXAPIC 00000001 ASL  00000061)
[    0.000000] ACPI: SSDT 0x000000007FFF02A0 0001CC (v01 VBOX   VBOXCPUT 00000002 INTL 20100528)
[    0.000000] 1155MB HIGHMEM available.
[    0.000000] 891MB LOWMEM available.
[    0.000000]   mapped low ram: 0 - 37bfe000
[    0.000000]   low ram: 0 - 37bfe000
[    0.000000] kvm-clock: Using msrs 4b564d01 and 4b564d00
[    0.000000] kvm-clock: cpu 0, msr 0:37bfd001, primary cpu clock
[    0.000000] kvm-clock: using sched offset of 4211017380 cycles
[    0.000000] clocksource: kvm-clock: mask: 0xffffffffffffffff max_cycles: 0x1cd42e4dffb, max_idle_ns: 881590591483 ns
[    0.000000] Zone ranges:
[    0.000000]   DMA      [mem 0x0000000000001000-0x0000000000ffffff]
[    0.000000]   Normal   [mem 0x0000000001000000-0x0000000037bfdfff]
[    0.000000]   HighMem  [mem 0x0000000037bfe000-0x000000007ffeffff]
[    0.000000] Movable zone start for each node
[    0.000000] Early memory node ranges
[    0.000000]   node   0: [mem 0x0000000000001000-0x000000000009efff]
[    0.000000]   node   0: [mem 0x0000000000100000-0x000000007ffeffff]
[    0.000000] Initmem setup node 0 [mem 0x0000000000001000-0x000000007ffeffff]
[    0.000000] Using APIC driver default
[    0.000000] ACPI: PM-Timer IO Port: 0x4008
[    0.000000] IOAPIC[0]: apic_id 1, version 32, address 0xfec00000, GSI 0-23
[    0.000000] ACPI: INT_SRC_OVR (bus 0 bus_irq 0 global_irq 2 dfl dfl)
[    0.000000] ACPI: INT_SRC_OVR (bus 0 bus_irq 9 global_irq 9 low level)
[    0.000000] Using ACPI (MADT) for SMP configuration information
[    0.000000] smpboot: Allowing 1 CPUs, 0 hotplug CPUs
[    0.000000] PM: Registered nosave memory: [mem 0x00000000-0x00000fff]
[    0.000000] PM: Registered nosave memory: [mem 0x0009f000-0x0009ffff]
[    0.000000] PM: Registered nosave memory: [mem 0x000a0000-0x000effff]
[    0.000000] PM: Registered nosave memory: [mem 0x000f0000-0x000fffff]
[    0.000000] e820: [mem 0x80000000-0xfebfffff] available for PCI devices
[    0.000000] Booting paravirtualized kernel on KVM
[    0.000000] clocksource: refined-jiffies: mask: 0xffffffff max_cycles: 0xffffffff, max_idle_ns: 7645519600211568 ns
[    0.000000] setup_percpu: NR_CPUS:8 nr_cpumask_bits:8 nr_cpu_ids:1 nr_node_ids:1
[    0.000000] PERCPU: Embedded 19 pages/cpu @f71c3000 s47436 r0 d30388 u77824
[    0.000000] PV qspinlock hash table entries: 512 (order: 0, 4096 bytes)
[    0.000000] Built 1 zonelists in Zone order, mobility grouping on.  Total pages: 521944
[    0.000000] Kernel command line: BOOT_IMAGE=/boot/vmlinuz-4.4.0-141-generic root=UUID=e836fffc-7e9f-4514-9fc7-34df93df41a1 ro console=tty1 console=ttyS0
[    0.000000] PID hash table entries: 4096 (order: 2, 16384 bytes)
[    0.000000] Dentry cache hash table entries: 131072 (order: 7, 524288 bytes)
[    0.000000] Inode-cache hash table entries: 65536 (order: 6, 262144 bytes)
[    0.000000] Initializing CPU#0
[    0.000000] Initializing HighMem for node 0 (00037bfe:0007fff0)
[    0.000000] Initializing Movable for node 0 (00000000:00000000)
[    0.000000] Memory: 2046456K/2096696K available (8052K kernel code, 778K rwdata, 3180K rodata, 952K init, 800K bss, 50240K reserved, 0K cma-reserved, 1183688K highmem)
[    0.000000] virtual kernel memory layout:
[    0.000000]     fixmap  : 0xfff15000 - 0xfffff000   ( 936 kB)
[    0.000000]     pkmap   : 0xffc00000 - 0xffe00000   (2048 kB)
[    0.000000]     vmalloc : 0xf83fe000 - 0xffbfe000   ( 120 MB)
[    0.000000]     lowmem  : 0xc0000000 - 0xf7bfe000   ( 891 MB)
[    0.000000]       .init : 0xc1bbe000 - 0xc1cac000   ( 952 kB)
[    0.000000]       .data : 0xc17dd3c4 - 0xc1bbc9c0   (3965 kB)
[    0.000000]       .text : 0xc1000000 - 0xc17dd3c4   (8052 kB)
[    0.000000] Checking if this processor honours the WP bit even in supervisor mode...Ok.
[    0.000000] SLUB: HWalign=64, Order=0-3, MinObjects=0, CPUs=1, Nodes=1
[    0.000000] Hierarchical RCU implementation.
[    0.000000] 	Build-time adjustment of leaf fanout to 32.
[    0.000000] 	RCU restricting CPUs from NR_CPUS=8 to nr_cpu_ids=1.
[    0.000000] RCU: Adjusting geometry for rcu_fanout_leaf=32, nr_cpu_ids=1
[    0.000000] NR_IRQS:2304 nr_irqs:256 16
[    0.000000] Console: colour VGA+ 80x25
[    0.000000] console [tty1] enabled
[    0.000000] console [ttyS0] enabled
[    0.000000] allocated 2097152 bytes of page_ext
[    0.000000] tsc: Detected 2399.994 MHz processor
[    0.940816] Calibrating delay loop (skipped) preset value.. 4799.98 BogoMIPS (lpj=9599976)
[    0.963864] pid_max: default: 32768 minimum: 301
[    0.971929] ACPI: Core revision 20150930
[    0.982391] ACPI: 2 ACPI AML tables successfully acquired and loaded
[    1.063621] Security Framework initialized
[    1.064835] Yama: becoming mindful.
[    1.065924] AppArmor: AppArmor initialized
[    1.067333] Mount-cache hash table entries: 2048 (order: 1, 8192 bytes)
[    1.069034] Mountpoint-cache hash table entries: 2048 (order: 1, 8192 bytes)
[    1.071016] Initializing cgroup subsys io
[    1.072268] Initializing cgroup subsys memory
[    1.073511] Initializing cgroup subsys devices
[    1.081037] Initializing cgroup subsys freezer
[    1.084102] Initializing cgroup subsys net_cls
[    1.087004] Initializing cgroup subsys perf_event
[    1.088258] Initializing cgroup subsys net_prio
[    1.089523] Initializing cgroup subsys hugetlb
[    1.090752] Initializing cgroup subsys pids
[    1.094812] mce: CPU supports 0 MCE banks
[    1.095986] process: using mwait in idle threads
[    1.097382] Last level iTLB entries: 4KB 64, 2MB 8, 4MB 8
[    1.100450] Last level dTLB entries: 4KB 64, 2MB 0, 4MB 0, 1GB 4
[    1.101940] Spectre V2 : Mitigation: Full generic retpoline
[    1.103588] Spectre V2 : Spectre v2 mitigation: Speculation control IBPB not-supported IBRS not-supported
[    1.105868] Spectre V2 : Spectre v2 / SpectreRSB mitigation: Filling RSB on context switch
[    1.108488] Speculative Store Bypass: Vulnerable
[    1.151110] Freeing SMP alternatives memory: 32K
[    1.161858] ftrace: allocating 31566 entries in 62 pages
[    1.228347] smpboot: APIC(0) Converting physical 0 to logical package 0
[    1.229732] smpboot: Max logical packages: 1
[    1.230723] Enabling APIC mode:  Flat.  Using 1 I/O APICs
[    1.233654] ..TIMER: vector=0x30 apic1=0 pin1=2 apic2=-1 pin2=-1
[    1.343194] smpboot: CPU0: Intel(R) Core(TM) i5-6200U CPU @ 2.30GHz (family: 0x6, model: 0x4e, stepping: 0x3)
[    1.415339] Performance Events: unsupported p6 CPU model 78 no PMU driver, software events only.
[    1.452929] KVM setup paravirtual spinlock
[    1.460346] x86: Booted up 1 node, 1 CPUs
[    1.505133] smpboot: Total of 1 processors activated (4799.98 BogoMIPS)
[    1.543941] devtmpfs: initialized
[    1.547829] evm: security.selinux
[    1.577936] evm: security.SMACK64
[    1.593294] evm: security.SMACK64EXEC
[    1.594367] evm: security.SMACK64TRANSMUTE
[    1.611065] evm: security.SMACK64MMAP
[    1.618582] evm: security.ima
[    1.626365] evm: security.capability
[    1.685725] clocksource: jiffies: mask: 0xffffffff max_cycles: 0xffffffff, max_idle_ns: 7645041785100000 ns
[    1.712468] futex hash table entries: 256 (order: 2, 16384 bytes)
[    1.764787] pinctrl core: initialized pinctrl subsystem
[    1.804239] RTC time: 14:43:05, date: 01/06/19
[    1.840341] NET: Registered protocol family 16
[    1.849303] EISA bus registered
[    1.850176] cpuidle: using governor ladder
[    1.851115] cpuidle: using governor menu
[    1.852009] PCCT header not found.
[    1.852917] ACPI: bus type PCI registered
[    1.853858] acpiphp: ACPI Hot Plug PCI Controller Driver version: 0.5
[    1.883004] PCI : PCI BIOS area is rw and x. Use pci=nobios if you want it NX.
[    1.894708] PCI: PCI BIOS revision 2.10 entry at 0xfda26, last bus=0
[    1.896102] PCI: Using configuration type 1 for base access
[    1.898594] ACPI: Added _OSI(Module Device)
[    1.899604] ACPI: Added _OSI(Processor Device)
[    1.900652] ACPI: Added _OSI(3.0 _SCP Extensions)
[    1.901724] ACPI: Added _OSI(Processor Aggregator Device)
[    1.903581] ACPI: Executed 1 blocks of module-level executable AML code
[    1.927161] ACPI: Interpreter enabled
[    1.930929] ACPI: (supports S0 S5)
[    1.931756] ACPI: Using IOAPIC for interrupt routing
[    1.933061] PCI: Using host bridge windows from ACPI; if necessary, use "pci=nocrs" and report a bug
[    1.951743] ACPI: PCI Root Bridge [PCI0] (domain 0000 [bus 00-ff])
[    1.953201] acpi PNP0A03:00: _OSC: OS supports [ASPM ClockPM Segments MSI]
[    1.954969] acpi PNP0A03:00: _OSC: not requesting OS control; OS requires [ExtendedConfig ASPM ClockPM MSI]
[    1.957390] acpi PNP0A03:00: fail to add MMCONFIG information, can't access extended PCI configuration space under this bridge.
[    1.968285] PCI host bridge to bus 0000:00
[    1.976039] pci_bus 0000:00: root bus resource [io  0x0000-0x0cf7 window]
[    1.977598] pci_bus 0000:00: root bus resource [io  0x0d00-0xffff window]
[    1.986878] pci_bus 0000:00: root bus resource [mem 0x000a0000-0x000bffff window]
[    1.988882] pci_bus 0000:00: root bus resource [mem 0x80000000-0xfdffffff window]
[    1.990671] pci_bus 0000:00: root bus resource [bus 00-ff]
[    1.993847] pci 0000:00:01.1: legacy IDE quirk: reg 0x10: [io  0x01f0-0x01f7]
[    2.003401] pci 0000:00:01.1: legacy IDE quirk: reg 0x14: [io  0x03f6]
[    2.004755] pci 0000:00:01.1: legacy IDE quirk: reg 0x18: [io  0x0170-0x0177]
[    2.006186] pci 0000:00:01.1: legacy IDE quirk: reg 0x1c: [io  0x0376]
[    2.027709] pci 0000:00:07.0: quirk: [io  0x4000-0x403f] claimed by PIIX4 ACPI
[    2.029567] pci 0000:00:07.0: quirk: [io  0x4100-0x410f] claimed by PIIX4 SMB
[    2.040899] ACPI: PCI Interrupt Link [LNKA] (IRQs 5 9 10 *11)
[    2.049448] ACPI: PCI Interrupt Link [LNKB] (IRQs 5 9 *10 11)
[    2.051285] ACPI: PCI Interrupt Link [LNKC] (IRQs 5 *9 10 11)
[    2.063474] ACPI: PCI Interrupt Link [LNKD] (IRQs 5 9 10 *11)
[    2.066062] ACPI: Enabled 2 GPEs in block 00 to 07
[    2.067741] vgaarb: setting as boot device: PCI:0000:00:02.0
[    2.069204] vgaarb: device added: PCI:0000:00:02.0,decodes=io+mem,owns=io+mem,locks=none
[    2.071557] vgaarb: loaded
[    2.072523] vgaarb: bridge control possible 0000:00:02.0
[    2.074311] SCSI subsystem initialized
[    2.075494] ACPI: bus type USB registered
[    2.076699] usbcore: registered new interface driver usbfs
[    2.078211] usbcore: registered new interface driver hub
[    2.079857] usbcore: registered new device driver usb
[    2.081555] PCI: Using ACPI for IRQ routing
[    2.084815] NetLabel: Initializing
[    2.085869] NetLabel:  domain hash size = 128
[    2.093965] NetLabel:  protocols = UNLABELED CIPSOv4
[    2.095353] NetLabel:  unlabeled traffic allowed by default
[    2.097023] amd_nb: Cannot enumerate AMD northbridges
[    2.098530] clocksource: Switched to clocksource kvm-clock
[    2.110497] AppArmor: AppArmor Filesystem Enabled
[    2.112104] pnp: PnP ACPI init
[    2.114110] pnp: PnP ACPI: found 3 devices
[    2.115293] PnPBIOS: Disabled by ACPI PNP
[    2.155301] clocksource: acpi_pm: mask: 0xffffff max_cycles: 0xffffff, max_idle_ns: 2085701024 ns
[    2.158015] NET: Registered protocol family 2
[    2.159543] TCP established hash table entries: 8192 (order: 3, 32768 bytes)
[    2.161196] TCP bind hash table entries: 8192 (order: 4, 65536 bytes)
[    2.163192] TCP: Hash tables configured (established 8192 bind 8192)
[    2.165127] UDP hash table entries: 512 (order: 2, 16384 bytes)
[    2.166642] UDP-Lite hash table entries: 512 (order: 2, 16384 bytes)
[    2.168289] NET: Registered protocol family 1
[    2.169474] pci 0000:00:00.0: Limiting direct PCI/PCI transfers
[    2.171423] pci 0000:00:01.0: Activating ISA DMA hang workarounds
[    2.173342] Unpacking initramfs...
[    2.481811] Freeing initrd memory: 14760K
[    2.501221] platform rtc_cmos: registered platform RTC device (no PNP device found)
[    2.533644] Scanning for low memory corruption every 60 seconds
[    2.621091] audit: initializing netlink subsys (disabled)
[    2.668090] audit: type=2000 audit(1546785789.740:1): initialized
[    2.684322] Initialise system trusted keyring
[    2.695401] HugeTLB registered 2 MB page size, pre-allocated 0 pages
[    2.697847] zbud: loaded
[    2.698644] VFS: Disk quotas dquot_6.6.0
[    2.699654] VFS: Dquot-cache hash table entries: 1024 (order 0, 4096 bytes)
[    2.709124] squashfs: version 4.0 (2009/01/31) Phillip Lougher
[    2.710548] fuse init (API version 7.23)
[    2.711586] Key type big_key registered
[    2.712493] Allocating IMA MOK and blacklist keyrings.
[    2.713848] Key type asymmetric registered
[    2.714922] Asymmetric key parser 'x509' registered
[    2.716026] bounce: pool size: 64 pages
[    2.716941] Block layer SCSI generic (bsg) driver version 0.4 loaded (major 249)
[    2.718662] io scheduler noop registered
[    2.719646] io scheduler deadline registered (default)
[    2.720784] io scheduler cfq registered
[    2.721798] pci_hotplug: PCI Hot Plug PCI Core version: 0.5
[    2.723006] pciehp: PCI Express Hot Plug Controller Driver version: 0.4
[    2.734458] ACPI: AC Adapter [AC] (on-line)
[    2.741111] input: Power Button as /devices/LNXSYSTM:00/LNXPWRBN:00/input/input0
[    2.742878] ACPI: Power Button [PWRF]
[    2.750817] input: Sleep Button as /devices/LNXSYSTM:00/LNXSLPBN:00/input/input1
[    2.752566] ACPI: Sleep Button [SLPF]
[    2.754387] ACPI: Battery Slot [BAT0] (battery present)
[    2.755579] GHES: HEST is not enabled!
[    2.757063] virtio-pci 0000:00:03.0: virtio_pci: leaving for legacy driver
[    2.758643] isapnp: Scanning for PnP cards...
[    2.773101] virtio-pci 0000:00:08.0: virtio_pci: leaving for legacy driver
[    2.782171] Serial: 8250/16550 driver, 32 ports, IRQ sharing enabled
[    2.878050] 00:02: ttyS0 at I/O 0x3f8 (irq = 4, base_baud = 115200) is a 16550A
[    2.931201] Linux agpgart interface v0.103
[    2.944041] loop: module loaded
[    2.996429] scsi host0: ata_piix
[    3.020438] scsi host1: ata_piix
[    3.029208] ata1: PATA max UDMA/33 cmd 0x1f0 ctl 0x3f6 bmdma 0xd000 irq 14
[    3.039197] ata2: PATA max UDMA/33 cmd 0x170 ctl 0x376 bmdma 0xd008 irq 15
[    3.102418] libphy: Fixed MDIO Bus: probed
[    3.103760] tun: Universal TUN/TAP device driver, 1.6
[    3.106603] tun: (C) 1999-2004 Max Krasnyansky <maxk@qualcomm.com>
[    3.109021] PPP generic driver version 2.4.2
[    3.110286] ehci_hcd: USB 2.0 'Enhanced' Host Controller (EHCI) Driver
[    3.112036] ehci-pci: EHCI PCI platform driver
[    3.113381] ehci-platform: EHCI generic platform driver
[    3.173765] ohci_hcd: USB 1.1 'Open' Host Controller (OHCI) Driver
[    3.175382] ohci-pci: OHCI PCI platform driver
[    3.176843] ohci-platform: OHCI generic platform driver
[    3.178270] uhci_hcd: USB Universal Host Controller Interface driver
[    3.180135] i8042: PNP: PS/2 Controller [PNP0303:PS2K,PNP0f03:PS2M] at 0x60,0x64 irq 1,12
[    3.182843] serio: i8042 KBD port at 0x60,0x64 irq 1
[    3.184228] serio: i8042 AUX port at 0x60,0x64 irq 12
[    3.185681] mousedev: PS/2 mouse device common for all mice
[    3.187536] input: AT Translated Set 2 keyboard as /devices/platform/i8042/serio0/input/input2
[    3.190872] rtc_cmos rtc_cmos: rtc core: registered rtc_cmos as rtc0
[    3.192579] rtc_cmos rtc_cmos: alarms up to one day, 114 bytes nvram
[    3.194356] i2c /dev entries driver
[    3.195773] device-mapper: uevent: version 1.0.3
[    3.197246] device-mapper: ioctl: 4.34.0-ioctl (2015-10-28) initialised: dm-devel@redhat.com
[    3.203907] platform eisa.0: Probing EISA bus 0
[    3.211163] platform eisa.0: EISA: Cannot allocate resource for mainboard
[    3.212951] platform eisa.0: Cannot allocate resource for EISA slot 1
[    3.289180] platform eisa.0: Cannot allocate resource for EISA slot 2
[    3.354809] platform eisa.0: Cannot allocate resource for EISA slot 3
[    3.364718] platform eisa.0: Cannot allocate resource for EISA slot 4
[    3.376297] platform eisa.0: Cannot allocate resource for EISA slot 5
[    3.377891] platform eisa.0: Cannot allocate resource for EISA slot 6
[    3.379675] platform eisa.0: Cannot allocate resource for EISA slot 7
[    3.381235] platform eisa.0: Cannot allocate resource for EISA slot 8
[    3.382795] platform eisa.0: EISA: Detected 0 cards
[    3.384116] cpufreq-nforce2: No nForce2 chipset.
[    3.385374] ledtrig-cpu: registered to indicate activity on CPUs
[    3.394604] NET: Registered protocol family 10
[    3.440233] isapnp: No Plug & Play device found
[    3.447956] NET: Registered protocol family 17
[    3.449018] Key type dns_resolver registered
[    3.450221] Using IPI No-Shortcut mode
[    3.451306] registered taskstats version 1
[    3.452567] Loading compiled-in X.509 certificates
[    3.455946] Loaded X.509 cert 'Build time autogenerated kernel key: 8ee7231a1e42e4b4a17d0e4b95c66ffe15d3b32e'
[    3.458161] zswap: loaded using pool lzo/zbud
[    3.468603] Key type trusted registered
[    3.482079] Key type encrypted registered
[    3.489960] AppArmor: AppArmor sha1 policy hashing enabled
[    3.498791] tsc: Refined TSC clocksource calibration: 2401.120 MHz
[    3.500453] clocksource: tsc: mask: 0xffffffffffffffff max_cycles: 0x229c59603bb, max_idle_ns: 440795209789 ns
[    3.510251] ima: No TPM chip found, activating TPM-bypass!
[    3.511485] ima: Allocated hash algorithm: sha1
[    3.512495] evm: HMAC attrs: 0x1
[    3.513562]   Magic number: 3:587:737
[    3.514576] rtc_cmos rtc_cmos: setting system clock to 2019-01-06 14:43:06 UTC (1546785786)
[    3.516527] BIOS EDD facility v0.16 2004-Jun-25, 0 devices found
[    3.518170] EDD information not available.
[    3.526616] Freeing unused kernel memory: 952K
[    3.551352] Write protecting the kernel text: 8056k
[    3.552559] Write protecting the kernel read-only data: 3184k
[    3.553838] NX-protecting the kernel data: 6280k
Loading, please wait...
starting version 229
[    3.568246] random: udevadm: uninitialized urandom read (16 bytes read, 4 bits of entropy available)
[    3.571310] random: systemd-udevd: uninitialized urandom read (16 bytes read, 4 bits of entropy available)
[    3.586932] random: systemd-udevd: uninitialized urandom read (16 bytes read, 4 bits of entropy available)
[    3.600869] random: udevadm: uninitialized urandom read (16 bytes read, 4 bits of entropy available)
[    3.611714] random: systemd-udevd: uninitialized urandom read (16 bytes read, 4 bits of entropy available)
[    3.623897] random: udevadm: uninitialized urandom read (16 bytes read, 4 bits of entropy available)
[    3.662909] random: udevadm: uninitialized urandom read (16 bytes read, 4 bits of entropy available)
[    3.696883] random: udevadm: uninitialized urandom read (16 bytes read, 4 bits of entropy available)
[    3.713129] random: udevadm: uninitialized urandom read (16 bytes read, 4 bits of entropy available)
[    3.731044] random: udevadm: uninitialized urandom read (16 bytes read, 4 bits of entropy available)
[    3.784698] virtio_net virtio0 enp0s3: renamed from eth0
[    3.801619] Fusion MPT base driver 3.04.20
[    3.802690] Copyright (c) 1999-2008 LSI Corporation
[    3.835007] virtio_net virtio1 enp0s8: renamed from eth1
[    3.875519] Fusion MPT SPI Host driver 3.04.20
[    3.897823] mptbase: ioc0: Initiating bringup
[    3.967307] ioc0: LSI53C1030 A0: Capabilities={Initiator}
[    4.030812] input: ImExPS/2 Generic Explorer Mouse as /devices/platform/i8042/serio1/input/input4
[    4.218435] scsi host2: ioc0: LSI53C1030 A0, FwRev=00000000h, Ports=1, MaxQ=256, IRQ=20
[    4.339391] scsi 2:0:0:0: Direct-Access     VBOX     HARDDISK         1.0  PQ: 0 ANSI: 5
[    4.347693] scsi target2:0:0: Beginning Domain Validation
[    4.351254] scsi target2:0:0: Domain Validation skipping write tests
[    4.397091] scsi target2:0:0: Ending Domain Validation
[    4.419355] scsi target2:0:0: asynchronous
[    4.444070] scsi 2:0:1:0: Direct-Access     VBOX     HARDDISK         1.0  PQ: 0 ANSI: 5
[    4.446274] scsi target2:0:1: Beginning Domain Validation
[    4.448562] scsi target2:0:1: Domain Validation skipping write tests
[    4.460067] scsi target2:0:1: Ending Domain Validation
[    4.468338] scsi target2:0:1: asynchronous
[    4.474324] sd 2:0:0:0: Attached scsi generic sg0 type 0
[    4.482259] sd 2:0:0:0: [sda] 20971520 512-byte logical blocks: (10.7 GB/10.0 GiB)
[    4.492553] sd 2:0:1:0: [sdb] 20480 512-byte logical blocks: (10.5 MB/10.0 MiB)
[    4.495576] sd 2:0:1:0: Attached scsi generic sg1 type 0
[    4.497024] sd 2:0:1:0: [sdb] Write Protect is off
[    4.505908] sd 2:0:0:0: [sda] Write Protect is off
[    4.516815] sd 2:0:1:0: [sdb] Incomplete mode parameter data
[    4.539018] sd 2:0:1:0: [sdb] Assuming drive cache: write through
[    4.556056] sd 2:0:0:0: [sda] Incomplete mode parameter data
[    4.557225] sd 2:0:0:0: [sda] Assuming drive cache: write through
[    4.590924]  sda: sda1
[    4.598219] sd 2:0:0:0: [sda] Attached SCSI disk
[    4.608686] sd 2:0:1:0: [sdb] Attached SCSI disk
Begin: Loading e[    6.003884] md: linear personality registered for level -1
ssential drivers ... [    6.106420] md: multipath personality registered for level -4
[    6.172700] md: raid0 personality registered for level 0
[    6.251627] md: raid1 personality registered for level 1
[    6.394925] raid6: mmxx1    gen()  5251 MB/s
[    6.531004] raid6: mmxx2    gen()  5408 MB/s
[    6.662587] raid6: sse1x1   gen()  3748 MB/s
[    6.766714] raid6: sse1x2   gen()  4416 MB/s
[    6.838957] raid6: sse2x1   gen()  7375 MB/s
[    6.906575] raid6: sse2x1   xor()  6083 MB/s
[    6.974648] raid6: sse2x2   gen() 10524 MB/s
[    7.062574] raid6: sse2x2   xor()  7073 MB/s
[    7.130789] raid6: avx2x1   gen() 16744 MB/s
[    7.230572] raid6: avx2x2   gen() 19722 MB/s
[    7.299609] raid6: using algorithm avx2x2 gen() 19722 MB/s
[    7.344157] raid6: using avx2x1 recovery algorithm
[    7.377362] xor: automatically using best checksumming function:
[    7.462613]    avx       : 22239.000 MB/sec
[    7.480686] async_tx: api initialized (async)
[    7.577593] md: raid6 personality registered for level 6
[    7.621273] md: raid5 personality registered for level 5
[    7.657434] md: raid4 personality registered for level 4
[    7.675447] md: raid10 personality registered for level 10
done.
Begin: Running /scripts/init-premount ... done.
Begin: Mounting root file system ... Begin: Running /scripts/local-top ... done.
Begin: Running /scripts/local-premount ... [    7.737239] Btrfs loaded
Scanning for Btrfs filesystems
done.
Warning: fsck not present, so skipping root file system
[    7.811013] EXT4-fs (sda1): mounted filesystem with ordered data mode. Opts: (null)
done.
Begin: Running /scripts/local-bottom ... done.
Begin: Running /scripts/init-bottom ... done.
[    8.621061] systemd[1]: systemd 229 running in system mode. (+PAM +AUDIT +SELINUX +IMA +APPARMOR +SMACK +SYSVINIT +UTMP +LIBCRYPTSETUP +GCRYPT +GNUTLS +ACL +XZ -LZ4 +SECCOMP +BLKID +ELFUTILS +KMOD -IDN)
[    8.653832] systemd[1]: Detected virtualization oracle.
[    8.670008] systemd[1]: Detected architecture x86.
[    8.734992] random: nonblocking pool is initialized

Welcome to [1mUbuntu 16.04.5 LTS[0m!

[    8.766149] systemd[1]: Set hostname to <kouosl>.
[   10.080739] systemd[1]: Listening on udev Control Socket.
[[0;32m  OK  [0m] Listening on udev Control Socket.
[   10.123582] systemd[1]: Listening on Journal Socket (/dev/log).
[[0;32m  OK  [0m] Listening on Journal Socket (/dev/log).
[   10.223707] systemd[1]: Created slice System Slice.
[[0;32m  OK  [0m] Created slice System Slice.
[   10.326968] systemd[1]: Started Trigger resolvconf update for networkd DNS.
[[0;32m  OK  [0m] Started Trigger resolvconf update for networkd DNS.
[   10.414784] systemd[1]: Reached target System Time Synchronized.
[[0;32m  OK  [0m] Reached target System Time Synchronized.
[   10.494874] systemd[1]: Reached target Swap.
[[0;32m  OK  [0m] Reached target Swap.
[   10.530426] systemd[1]: Reached target User and Group Name Lookups.
[[0;32m  OK  [0m] Reached target User and Group Name Lookups.
[   10.595618] systemd[1]: Listening on udev Kernel Socket.
[[0;32m  OK  [0m] Listening on udev Kernel Socket.
[   10.658841] systemd[1]: Listening on Syslog Socket.
[[0;32m  OK  [0m] Listening on Syslog Socket.
[   10.738878] systemd[1]: Listening on Journal Socket.
[[0;32m  OK  [0m] Listening on Journal Socket.
[   10.750321] systemd[1]: Starting Create list of required static device nodes for the current kernel...
         Starting Create list of required st... nodes for the current kernel...
[   10.756881] systemd[1]: Mounting Debug File System...
         Mounting Debug File System...
[   10.761045] systemd[1]: Mounting Huge Pages File System...
         Mounting Huge Pages File System...
[   10.811400] systemd[1]: Starting Nameserver information manager...
         Starting Nameserver information manager...
[   10.883356] systemd[1]: Starting Uncomplicated firewall...
         Starting Uncomplicated firewall...
[   10.945646] systemd[1]: Listening on Journal Audit Socket.
[[0;32m  OK  [0m] Listening on Journal Audit Socket.
[   10.950743] systemd[1]: Starting Journal Service...
         Starting Journal Service...
[   10.954058] systemd[1]: Starting Remount Root and Kernel File Systems...
         Starting Remount Root and Kernel File Systems...
[   10.962580] systemd[1]: Reached target Encrypted Volumes.
[[0;32m  OK  [0m] Reached target Encrypted Volumes.
[   10.970415] systemd[1]: Starting Set console keymap...
         Starting Set console keymap...
[   10.978708] systemd[1]: Listening on /dev/initctl Compatibility Named Pipe.
[[0;32m  OK  [0m] Listening on /dev/initctl Compatibility Named Pipe.
[   10.988977] EXT4-fs (sda1): re-mounted. Opts: (null)
[   11.073244] systemd[1]: Starting Load Kernel Modules...
         Starting Load Kernel Modules...
[   11.107686] systemd[1]: Mounting POSIX Message Queue File System...
         Mounting POSIX Message Queue File System...
[   11.171299] systemd[1]: Started Forward Password Requests to Wall Directory Watch.
[[0;32m  OK  [0m] Started Forward Password Requests to Wall Directory Watch.
[   11.243743] systemd[1]: Created slice system-serial\x2dgetty.slice.
[[0;32m  OK  [0m] Created slice system-serial\x2dgetty.slice.
[   11.285922] systemd[1]: Created slice User and Session Slice.
[[0;32m  OK  [0m] Created slice User and Session Slice.
[   11.341444] systemd[1]: Reached target Slices.
[[0;32m  OK  [0m] Reached target Slices.
[   11.349701] systemd[1]: Listening on Device-mapper event daemon FIFOs.
[[0;32m  OK  [0m] Listening on Device-mapper event daemon FIFOs.
[   11.371271] systemd[1]: Set up automount Arbitrary Executable File Formats File System Automount Point.
[[0;32m  OK  [0m] Set up automount Arbitrary Executab...ats File System Automount Point.
[   11.398987] Loading iSCSI transport class v2.0-870.
[   11.419369] systemd[1]: Listening on LVM2 metadata daemon socket.
[[0;32m  OK  [0m] Listening on LVM2 metadata daemon socket.
[   11.436129] systemd[1]: Starting Monitoring of LVM2 mirrors, snapshots etc. using dmeventd or progress polling...
         Starting Monitoring of LVM2 mirrors... dmeventd or progress polling...
[   11.446927] systemd[1]: Listening on LVM2 poll daemon socket.
[[0;32m  OK  [0m] Listening on LVM2 poll daemon socket.
[   11.455431] systemd[1]: Mounted Huge Pages File System.
[[0;32m  OK  [0m] Mounted Huge Pages File System.
[   11.465340] systemd[1]: Mounted POSIX Message Queue File System.
[[0;32m  OK  [0m] Mounted POSIX Message Queue File System.
[   11.470340] systemd[1]: Mounted Debug File System.
[[0;32m  OK  [0m] Mounted Debug File System.
[   11.474275] systemd[1]: Started Journal Service.
[   11.480219] iscsi: registered transport (tcp)
[[0;32m  OK  [0m] Started Journal Service.
[[0;32m  OK  [0m] Started Create list of required sta...ce nodes for the current kernel.
[[0;32m  OK  [0m] Started Uncomplicated firewall.
[[0;32m  OK  [0m] Started Remount Root and Kernel File Systems.
[[0;32m  OK  [0m] Started Set console keymap.
[[0;32m  OK  [0m] Started Nameserver information manager.
         Starting udev Coldplug all Devices...
         Starting Load/Save Random Seed...
         Starting Create Static Device Nodes in /dev...
         Starting Flush Journal to Persistent Storage...
[[0;32m  OK  [0m] Started Load/Save Random Seed.
[[0;32m  OK  [0m[   11.868883] iscsi: registered transport (iser)
] Started udev Coldplug all Devices.
[[0;32m  OK  [0m] Started Load Kernel Modules.
[   11.940797] systemd-journald[392]: Received request to flush runtime journal from PID 1
         Starting Apply Kernel Variables...
         Mounting FUSE Control File System...
[[0;32m  OK  [0m] Started LVM2 metadata daemon.
[[0;32m  OK  [0m] Mounted FUSE Control File System.
[[0;32m  OK  [0m] Started Flush Journal to Persistent Storage.
[[0;32m  OK  [0m] Started Apply Kernel Variables.
[[0;32m  OK  [0m] Started Create Static Device Nodes in /dev.
         Starting udev Kernel Device Manager...
[[0;32m  OK  [0m] Started udev Kernel Device Manager.
[[0;32m  OK  [0m] Started Dispatch Password Requests to Console Directory Watch.
[[0;32m  OK  [0m] Started Monitoring of LVM2 mirrors,...ng dmeventd or progress polling.
[[0;32m  OK  [0m] Reached target Local File Systems (Pre).
[[0;32m  OK  [0m] Reached target Local File Systems.
         Starting LSB: AppArmor initialization...
         Starting Initial cloud-init job (pre-networking)...
         Starting Tell Plymouth To Write Out Runtime Data...
         Starting Create Volatile Files and Directories...
         Starting Set console font and keymap...
[[0;32m  OK  [0m] Found device /dev/ttyS0.
[[0;32m  OK  [0m] Started Tell Plymouth To Write Out Runtime Data.
[[0;32m  OK  [0m] Listening on Load/Save RF Kill Switch Status /dev/rfkill Watch.
[[0;32m  OK  [0m] Started Create Volatile Files and Directories.
         Starting Update UTMP about System Boot/Shutdown...
[[0;32m  OK  [0m] Found device Virtio network device.
[[0;32m  OK  [0m] Found device Virtio network device.
[[0;32m  OK  [0m] Started Update UTMP about System Boot/Shutdown.
[[0;32m  OK  [0m] Started Set console font and keymap.
[[0;32m  OK  [0m] Created slice system-getty.slice.
[[0;32m  OK  [0m] Started LSB: AppArmor initialization.
[   16.861100] cloud-init[511]: Cloud-init v. 18.4-0ubuntu1~16.04.2 running 'init-local' at Sun, 06 Jan 2019 14:43:20 +0000. Up 16.14 seconds.
[[0;32m  OK  [0m] Started Initial cloud-init job (pre-networking).
[[0;32m  OK  [0m] Reached target Network (Pre).
[[0;32m  OK  [0m] Started ifup for enp0s8.
[[0;32m  OK  [0m] Started ifup for enp0s3.
         Starting Raise network interfaces...
[[0;32m  OK  [0m] Started Raise network interfaces.
         Starting Initial cloud-init job (metadata service crawler)...
[[0;32m  OK  [0m] Reached target Network.
[   18.570118] cloud-init[1074]: Cloud-init v. 18.4-0ubuntu1~16.04.2 running 'init' at Sun, 06 Jan 2019 14:43:22 +0000. Up 17.90 seconds.
[   18.684334] cloud-init[1074]: ci-info: ++++++++++++++++++++++++++++++++++++++Net device info+++++++++++++++++++++++++++++++++++++++
[[0;32m  OK  [0m] Started Initial cloud-init job (metadata service crawler).
[   18.759974] cloud-init[1074]: ci-info: +--------+------+-----------------------------+---------------+--------+-------------------+
[   18.930397] cloud-init[1074]: ci-info: | Device |  Up  |           Address           |      Mask     | Scope  |     Hw-Address    |
[   18.942996] cloud-init[1074]: [[0;32m  OK  [0m] Reached target System Initialization.
         Starting Socket activation for snappy daemon.
[[0;32m  OK  [0m] ci-info: +--------+------+-----------------------------+---------------+--------+-------------------+
[   18.949623] cloud-init[1074]: ci-info: | enp0s3 | True |          10.0.2.15          | 255.255.255.0 | global | 02:45:20:27:6f:ab |
[   18.949677] cloud-init[1074]: ci-info: | enp0s3 | True |  fe80::45:20ff:fe27:6fab/64 |       .       |  link  | 02:45:20:27:6f:ab |
[   18.949719] cloud-init[1074]: ci-info: | enp0s8 | True |        192.168.83.137       | 255.255.255.0 | global | 08:00:27:5d:ca:15 |
[   18.949773] cloud-init[1074]: ci-info: | enp0s8 | True | fe80::a00:27ff:fe5d:ca15/64 |       .       |  link  | 08:00:27:5d:ca:15 |
[   18.949816] cloud-init[1074]: ci-info: |   lo   | True |          127.0.0.1          |   255.0.0.0   |  host  |         .         |
[   18.949856] cloud-init[1074]: ci-info: |   lo   | True |           ::1/128           |       .       |  host  |         .         |
[   18.949897] cloud-init[1074]: ci-info: +--------+------+-----------------------------+---------------+--------+-------------------+
[   18.949937] cloud-init[1074]: ci-info: ++++++++++++++++++++++++++++Route IPv4 info++++++++++++++++++++++++++++
[   18.949978] cloud-init[1074]: ci-info: +-------+--------------+----------+---------------+-----------+-------+
[   18.950021] cloud-init[1074]: ci-info: | Route | Destination  | Gateway  |    Genmask    | Interface | Flags |
[   18.950130] cloud-init[1074]: ci-info: +-------+--------------+----------+---------------+-----------+-------+
[   18.950182] cloud-init[1074]: ci-info: |   0   |   0.0.0.0    | 10.0.2.2 |    0.0.0.0    |   enp0s3  |   UG  |
[   18.950234] cloud-init[1074]: ci-info: |   1   |   10.0.2.0   | 0.0.0.0  | 255.255.255.0 |   enp0s3  |   U   |
[   18.950282] cloud-init[1074]: ci-info: |   2   | 192.168.83.0 | 0.0.0.0  | 255.255.255.0 |   enp0s8  |   U   |
[   18.950322] cloud-init[1074]: ci-info: +-------+--------------+----------+---------------+-----------+-------+
[   18.950385] cloud-init[1074]: ci-info: +++++++++++++++++++Route IPv6 info+++++++++++++++++++
[   18.950423] cloud-init[1074]: ci-info: +-------+-------------+---------+-----------+-------+
[   18.950488] cloud-init[1074]: ci-info: | Route | Destination | Gateway | Interface | Flags |
[   18.950578] cloud-init[1074]: ci-info: +-------+-------------+---------+-----------+-------+
[   18.950619] cloud-init[1074]: ci-info: |   0   |  fe80::/64  |    ::   |   enp0s8  |   U   |
[   18.950658] cloud-init[1074]: ci-info: |   1   |  fe80::/64  |    ::   |   enp0s3  |   U   |
[   18.950705] cloud-init[1074]: ci-info: |   4   |   ff00::/8  |    ::   |   enp0s8  |   U   |
[   18.950765] cloud-init[1074]: ci-info: |   5   |   ff00::/8  |    ::   |   enp0s3  |   U   |
[   18.950803] cloud-init[1074]: ci-info: +-------+-------------+---------+-----------+-------+
Listening on UUID daemon activation socket.
         Starting LXD - unix socket.
[[0;32m  OK  [0m] Listening on D-Bus System Message Bus Socket.
[[0;32m  OK  [0m] Listening on ACPID Listen Socket.
[[0;32m  OK  [0m] Started Daily apt download activities.
[[0;32m  OK  [0m] Started Daily apt upgrade and clean activities.
[[0;32m  OK  [0m] Started ACPI Events Check.
[[0;32m  OK  [0m] Reached target Paths.
[[0;32m  OK  [0m] Started Daily Cleanup of Temporary Directories.
[[0;32m  OK  [0m] Reached target Timers.
[[0;32m  OK  [0m] Reached target Network is Online.
         Starting iSCSI initiator daemon (iscsid)...
[[0;32m  OK  [0m] Reached target Cloud-config availability.
[[0;32m  OK  [0m] Listening on Socket activation for snappy daemon.
[[0;32m  OK  [0m] Listening on LXD - unix socket.
[[0;32m  OK  [0m] Reached target Sockets.
[[0;32m  OK  [0m] Reached target Basic System.
         Starting LSB: MD monitoring daemon...
[[0;32m  OK  [0m] Started Deferred execution scheduler.
         Starting LXD - container startup/shutdown...
         Starting Accounts Service...
         Starting OpenBSD Secure Shell server...
         Starting LSB: Record successful boot for GRUB...
[[0;32m  OK  [0m] Started Regular background program processing daemon.
[[0;32m  OK  [0m] Started FUSE filesystem for LXC.
[[0;32m  OK  [0m] Started Unattended Upgrades Shutdown.
[[0;32m  OK  [0m] Started D-Bus System Message Bus.
         Starting Login Service...
         Starting System Logging Service...
         Starting /etc/rc.local Compatibility...
[[0;32m  OK  [0m] Started ACPI event daemon.
         Starting Virtualbox guest utils...
         Starting Snappy daemon...
[[0;32m  OK  [0m] Started iSCSI initiator daemon (iscsid).
[[0;32m  OK  [0m] Started /etc/rc.local Compatibility.
[[0;32m  OK  [0m] Started OpenBSD Secure Shell server.
[[0;32m  OK  [0m] Started Login Service.
         Starting Authenticate and Authorize Users to Run Privileged Tasks...
         Starting Login to default iSCSI targets...
[[0;32m  OK  [0m] Started LSB: MD monitoring daemon.
[[0;32m  OK  [0m] Started System Logging Service.
[[0;32m  OK  [0m] Started LSB: Record successful boot for GRUB.
[[0;32m  OK  [0m] Started Login to default iSCSI targets.
[[0;32m  OK  [0m] Reached target Remote File Systems (Pre).
[[0;32m  OK  [0m] Reached target Remote File Systems.
         Starting LSB: automatic crash report generation...
         Starting LSB: Apache2 web server...
         Starting LSB: Start and stop the mysql database server daemon...
         Starting LSB: daemon to balance interrupts for SMP systems...
         Starting Permit User Sessions...
         Starting LSB: Set the CPU Frequency Scaling governor to "ondemand"...
[[0;32m  OK  [0m] Started Permit User Sessions.
[[0;32m  OK  [0m] Started Authenticate and Authorize Users to Run Privileged Tasks.
[[0;32m  OK  [0m] Started Accounts Service.
[[0;32m  OK  [0m] Started LSB: Set the CPU Frequency Scaling governor to "ondemand".
[[0;32m  OK  [0m] Started Virtualbox guest utils.
         Starting Hold until boot process finishes up...
         Starting Terminate Plymouth Boot Screen...
[[0;32m  OK  [0m] Started Hold until boot process finishes up.
[[0;32m  OK  [0m] Started Terminate Plymouth Boot Screen.
[[0;32m  OK  [0m] Started Getty on tty1.
[[0;32m  OK  [0m] Started Serial Getty on ttyS0.
[[0;32m  OK  [0m] Reached target Login Prompts.
         Starting Set console scheme...
[[0;32m  OK  [0m] Started LSB: daemon to balance interrupts for SMP systems.
[[0;32m  OK  [0m] Started LSB: automatic crash report generation.
[[0;32m  OK  [0m] Started Set console scheme.
[[0;32m  OK  [0m] Started LXD - container startup/shutdown.
[[0;32m  OK  [0m] Started Snappy daemon.
         Starting Wait until snapd is fully seeded...
[[0;32m  OK  [0m] Started Wait until snapd is fully seeded.
         Starting Apply the settings specified in cloud-config...
[   26.021679] cloud-init[1383]: Cloud-init v. 18.4-0ubuntu1~16.04.2 running 'modules:config' at Sun, 06 Jan 2019 14:43:30 +0000. Up 25.56 seconds.
[[0;32m  OK  [0m] Started Apply the settings specified in cloud-config.
[[0;32m  OK  [0m] Created slice User Slice of vagrant.

Ubuntu 16.04.5 LTS kouosl ttyS0

kouosl login: [   31.938869] cloud-init[1821]: Cloud-init v. 18.4-0ubuntu1~16.04.2 running 'modules:final' at Sun, 06 Jan 2019 14:43:36 +0000. Up 31.70 seconds.
[   31.939565] cloud-init[1821]: Cloud-init v. 18.4-0ubuntu1~16.04.2 finished at Sun, 06 Jan 2019 14:43:36 +0000. Datasource DataSourceNoCloud [seed=/dev/sdb][dsmode=net].  Up 31.93 seconds
